 DeviceCtrlDlg

 Timestamp is 56ab4221 (Fri Jan 29 18:42:41 2016)

 Preferred load address is 00400000

 Start         Length     Name                   Class
 0001:00000000 0001a06aH .textbss                DATA
 0002:00000000 0002a608H .text                   CODE
 0002:0002a610 000070c4H .text$x                 CODE
 0002:000316e0 00007f16H .text$yc                CODE
 0002:00039600 000012c3H .text$yd                CODE
 0003:00000000 00000104H .CRT$XCA                DATA
 0003:00000104 00000104H .CRT$XCAA               DATA
 0003:00000208 0000010eH .CRT$XCC                DATA
 0003:00000318 0000018aH .CRT$XCL                DATA
 0003:000004a4 00000138H .CRT$XCU                DATA
 0003:000005dc 00000104H .CRT$XCZ                DATA
 0003:000006e0 00000104H .CRT$XIA                DATA
 0003:000007e4 00000104H .CRT$XIAA               DATA
 0003:000008e8 00000104H .CRT$XIC                DATA
 0003:000009ec 00000104H .CRT$XIY                DATA
 0003:00000af0 00000104H .CRT$XIZ                DATA
 0003:00000c00 00006f59H .rdata                  DATA
 0003:00007b5c 00000163H .rdata$debug            DATA
 0003:00007cc0 0000076cH .rdata$r                DATA
 0003:0000842c 00000104H .rtc$IAA                DATA
 0003:00008530 00000118H .rtc$IMZ                DATA
 0003:00008648 00000104H .rtc$IZZ                DATA
 0003:0000874c 00000104H .rtc$TAA                DATA
 0003:00008850 00000118H .rtc$TMZ                DATA
 0003:00008968 00000104H .rtc$TZZ                DATA
 0003:00008a70 00003119H .xdata$x                DATA
 0003:0000bb8c 00000104H ATL$__a                 DATA
 0003:0000bc90 00000104H ATL$__z                 DATA
 0003:0000bd94 00000000H .edata                  DATA
 0004:00000000 0000058eH .data                   DATA
 0004:00000590 000014a0H .bss                    DATA
 0005:00000000 000000b4H .idata$2                DATA
 0005:000000b4 00000014H .idata$3                DATA
 0005:000000c8 00000adcH .idata$4                DATA
 0005:00000ba4 00000adcH .idata$5                DATA
 0005:00001680 00001026H .idata$6                DATA
 0006:00000000 00000606H .rsrc$01                DATA
 0006:00000610 00015d39H .rsrc$02                DATA

  Address         Publics by Value              Rva+Base       Lib:Object

 0000:00000000       __except_list              00000000     <absolute>
 0000:00000000       ___safe_se_handler_table   00000000     <absolute>
 0000:00000000       ___safe_se_handler_count   00000000     <absolute>
 0000:00009876       __fltused                  00009876     <absolute>
 0000:00009876       __ldused                   00009876     <absolute>
 0000:00000000       ___ImageBase               00400000     <linker-defined>
 0001:00000000       __enc$textbss$begin        00401000     <linker-defined>
 0001:0001a06a       __enc$textbss$end          0041b06a     <linker-defined>
 0002:00002fa0       ??0CComPort@LsComm@@QAE@XZ 0041efa0 f   ComPort.obj
 0002:00003060       ??_GCComPort@LsComm@@UAEPAXI@Z 0041f060 f i ComPort.obj
 0002:00003060       ??_ECComPort@LsComm@@UAEPAXI@Z 0041f060 f i ComPort.obj
 0002:000030d0       ??1CComPort@LsComm@@UAE@XZ 0041f0d0 f   ComPort.obj
 0002:000031d0       ?IsOpen@CSerialPort@@QBEHXZ 0041f1d0 f i ComPort.obj
 0002:00003220       ?IsOpen@CComPort@LsComm@@QAE_NXZ 0041f220 f   ComPort.obj
 0002:00003260       ?Open@CComPort@LsComm@@QAE_NHW4ReceiveMode@12@KW4Parity@12@EW4StopBits@12@W4FlowControl@12@@Z 0041f260 f   ComPort.obj
 0002:000035d0       ??RCTraceFileAndLineInfo@ATL@@QBAXKIPB_WZZ 0041f5d0 f i DviceCtrlDlgDlg.obj
 0002:000036b0       ?IsOverlapped@CComPort@LsComm@@QAE_NXZ 0041f6b0 f i ComPort.obj
 0002:000036f0       ?Close@CComPort@LsComm@@QAEXXZ 0041f6f0 f   ComPort.obj
 0002:000039a0       ?ReceiveData@CComPort@LsComm@@QAEXPAXK@Z 0041f9a0 f   ComPort.obj
 0002:00003a20       ?SetReceiveFunc@CComPort@LsComm@@QAEXP6AXPAX0K@Z0@Z 0041fa20 f   ComPort.obj
 0002:00003a70       ?ComBreak@CComPort@LsComm@@QAEXK@Z 0041fa70 f   ComPort.obj
 0002:00003b70       ?SetBreakHandleFunc@CComPort@LsComm@@QAEXP6AXPAXKU_COMSTAT@@@Z@Z 0041fb70 f   ComPort.obj
 0002:00003bc0       ?GetReceiveMode@CComPort@LsComm@@QAE?AW4ReceiveMode@12@XZ 0041fbc0 f   ComPort.obj
 0002:00003c00       ?GetInBufferCount@CComPort@LsComm@@QAEKXZ 0041fc00 f   ComPort.obj
 0002:00003cf0       ?GetInput@CComPort@LsComm@@QAEKPAXKK@Z 0041fcf0 f   ComPort.obj
 0002:00003e00       ?Output@CComPort@LsComm@@QAEKPAXK@Z 0041fe00 f   ComPort.obj
 0002:000040a0       ?GetSerialPort@CComPort@LsComm@@QAEPAVCSerialPort@@XZ 004200a0 f   ComPort.obj
 0002:00004120       ?GetCloseHandle@CComPort@LsComm@@QAEPAXXZ 00420120 f   ComPort.obj
 0002:000041a0       ??0CReadComThread@LsComm@@QAE@XZ 004201a0 f   ComPort.obj
 0002:00004270       ??_GCReadComThread@LsComm@@UAEPAXI@Z 00420270 f i ComPort.obj
 0002:00004270       ??_ECReadComThread@LsComm@@UAEPAXI@Z 00420270 f i ComPort.obj
 0002:000042e0       ??1CReadComThread@LsComm@@UAE@XZ 004202e0 f   ComPort.obj
 0002:00004330       ?SetReadEvent@CReadComThread@LsComm@@IAE_NAAU_OVERLAPPED@@@Z 00420330 f   ComPort.obj
 0002:00004440       ?HandleData@CReadComThread@LsComm@@IAE_NXZ 00420440 f   ComPort.obj
 0002:00004560       ?HandleReadEvent@CReadComThread@LsComm@@IAE_NAAU_OVERLAPPED@@@Z 00420560 f   ComPort.obj
 0002:00004610       ?SetBreakEvent@CReadComThread@LsComm@@IAE_NAAK@Z 00420610 f   ComPort.obj
 0002:000046d0       ?HandleBreakEvent@CReadComThread@LsComm@@IAE_NK@Z 004206d0 f   ComPort.obj
 0002:000047b0       ?Execute@CReadComThread@LsComm@@IAEXXZ 004207b0 f   ComPort.obj
 0002:00004860       ?ExecuteByAutoSignalRecvMode@CReadComThread@LsComm@@IAEXXZ 00420860 f   ComPort.obj
 0002:00004ae0       ?ExecuteByManualQueryRecvMode@CReadComThread@LsComm@@IAEXXZ 00420ae0 f   ComPort.obj
 0002:00004c30       ?ExecuteByManualConstRecvMode@CReadComThread@LsComm@@IAEXXZ 00420c30 f   ComPort.obj
 0002:00004e20       ?ExecuteByAutoBreakRecvMode@CReadComThread@LsComm@@IAEXXZ 00420e20 f   ComPort.obj
 0002:00005090       ?ThreadFunc@LsComm@@YGKPAX@Z 00421090 f   ComPort.obj
 0002:00005130       ?Create@CReadComThread@LsComm@@QAEXXZ 00421130 f   ComPort.obj
 0002:000051d0       ?Terminate@CReadComThread@LsComm@@QAEXXZ 004211d0 f   ComPort.obj
 0002:00005330       ?IsTerminated@CReadComThread@LsComm@@QAE_NXZ 00421330 f i ComPort.obj
 0002:00005370       ?Resume@CReadComThread@LsComm@@QAEXXZ 00421370 f   ComPort.obj
 0002:000053d0       ?BandSerialPort@CReadComThread@LsComm@@QAEXPAVCComPort@2@@Z 004213d0 f   ComPort.obj
 0002:00005510       ?ReadInput@CReadComThread@LsComm@@QAEKPAXKK@Z 00421510 f   ComPort.obj
 0002:00005630       ?GetMessageMap@CDviceCtrlDlgApp@@MBEPBUAFX_MSGMAP@@XZ 00421630 f   DviceCtrlDlg.obj
 0002:00005680       ?GetThisMessageMap@CDviceCtrlDlgApp@@KGPBUAFX_MSGMAP@@XZ 00421680 f   DviceCtrlDlg.obj
 0002:000056c0       ??0CDviceCtrlDlgApp@@QAE@XZ 004216c0 f   DviceCtrlDlg.obj
 0002:00005720       ??_GCDviceCtrlDlgApp@@UAEPAXI@Z 00421720 f i DviceCtrlDlg.obj
 0002:00005720       ??_ECDviceCtrlDlgApp@@UAEPAXI@Z 00421720 f i DviceCtrlDlg.obj
 0002:00005790       ??1CDviceCtrlDlgApp@@UAE@XZ 00421790 f i DviceCtrlDlg.obj
 0002:000057e0       ?InitInstance@CDviceCtrlDlgApp@@UAEHXZ 004217e0 f   DviceCtrlDlg.obj
 0002:00005980       ??1CDviceCtrlDlgDlg@@UAE@XZ 00421980 f i DviceCtrlDlg.obj
 0002:00005ab0       ??1?$vector@V?$CStringT@_WV?$StrTraitMFC_DLL@_WV?$ChTraitsCRT@_W@ATL@@@@@ATL@@V?$allocator@V?$CStringT@_WV?$StrTraitMFC_DLL@_WV?$ChTraitsCRT@_W@ATL@@@@@ATL@@@std@@@std@@QAE@XZ 00421ab0 f i DviceCtrlDlg.obj
 0002:00005b50       ?_Tidy@?$vector@V?$CStringT@_WV?$StrTraitMFC_DLL@_WV?$ChTraitsCRT@_W@ATL@@@@@ATL@@V?$allocator@V?$CStringT@_WV?$StrTraitMFC_DLL@_WV?$ChTraitsCRT@_W@ATL@@@@@ATL@@@std@@@std@@IAEXXZ 00421b50 f i DviceCtrlDlg.obj
 0002:00005c30       ??1?$_Vector_val@V?$CStringT@_WV?$StrTraitMFC_DLL@_WV?$ChTraitsCRT@_W@ATL@@@@@ATL@@V?$allocator@V?$CStringT@_WV?$StrTraitMFC_DLL@_WV?$ChTraitsCRT@_W@ATL@@@@@ATL@@@std@@@std@@QAE@XZ 00421c30 f i DviceCtrlDlg.obj
 0002:00005d70       ?_Destroy@?$vector@V?$CStringT@_WV?$StrTraitMFC_DLL@_WV?$ChTraitsCRT@_W@ATL@@@@@ATL@@V?$allocator@V?$CStringT@_WV?$StrTraitMFC_DLL@_WV?$ChTraitsCRT@_W@ATL@@@@@ATL@@@std@@@std@@IAEXPAV?$CStringT@_WV?$StrTraitMFC_DLL@_WV?$ChTraitsCRT@_W@ATL@@@@@ATL@@0@Z 00421d70 f i DviceCtrlDlg.obj
 0002:00005de0       ?deallocate@?$allocator@V?$CStringT@_WV?$StrTraitMFC_DLL@_WV?$ChTraitsCRT@_W@ATL@@@@@ATL@@@std@@QAEXPAV?$CStringT@_WV?$StrTraitMFC_DLL@_WV?$ChTraitsCRT@_W@ATL@@@@@ATL@@I@Z 00421de0 f i DviceCtrlDlg.obj
 0002:00005e40       ?deallocate@?$allocator@U_Container_proxy@std@@@std@@QAEXPAU_Container_proxy@2@I@Z 00421e40 f i DviceCtrlDlg.obj
 0002:00005ea0       ??$?0V?$CStringT@_WV?$StrTraitMFC_DLL@_WV?$ChTraitsCRT@_W@ATL@@@@@ATL@@@?$allocator@U_Container_proxy@std@@@std@@QAE@ABV?$allocator@V?$CStringT@_WV?$StrTraitMFC_DLL@_WV?$ChTraitsCRT@_W@ATL@@@@@ATL@@@1@@Z 00421ea0 f i DviceCtrlDlg.obj
 0002:00005ee0       ??$_Dest_val@V?$allocator@U_Container_proxy@std@@@std@@U_Container_proxy@2@@std@@YAXAAV?$allocator@U_Container_proxy@std@@@0@PAU_Container_proxy@0@@Z 00421ee0 f i DviceCtrlDlg.obj
 0002:00005f30       ??$_Destroy_range@V?$allocator@V?$CStringT@_WV?$StrTraitMFC_DLL@_WV?$ChTraitsCRT@_W@ATL@@@@@ATL@@@std@@@std@@YAXPAV?$CStringT@_WV?$StrTraitMFC_DLL@_WV?$ChTraitsCRT@_W@ATL@@@@@ATL@@0AAV?$allocator@V?$CStringT@_WV?$StrTraitMFC_DLL@_WV?$ChTraitsCRT@_W@ATL@@@@@ATL@@@0@@Z 00421f30 f i DviceCtrlDlg.obj
 0002:00005fb0       ?destroy@?$allocator@U_Container_proxy@std@@@std@@QAEXPAU_Container_proxy@2@@Z 00421fb0 f i DviceCtrlDlg.obj
 0002:00006010       ??$_Ptr_cat@V?$CStringT@_WV?$StrTraitMFC_DLL@_WV?$ChTraitsCRT@_W@ATL@@@@@ATL@@V12@@std@@YA?AU_Nonscalar_ptr_iterator_tag@0@PAV?$CStringT@_WV?$StrTraitMFC_DLL@_WV?$ChTraitsCRT@_W@ATL@@@@@ATL@@0@Z 00422010 f i DviceCtrlDlg.obj
 0002:00006080       ??$_Destroy_range@V?$allocator@V?$CStringT@_WV?$StrTraitMFC_DLL@_WV?$ChTraitsCRT@_W@ATL@@@@@ATL@@@std@@@std@@YAXPAV?$CStringT@_WV?$StrTraitMFC_DLL@_WV?$ChTraitsCRT@_W@ATL@@@@@ATL@@0AAV?$allocator@V?$CStringT@_WV?$StrTraitMFC_DLL@_WV?$ChTraitsCRT@_W@ATL@@@@@ATL@@@0@U_Nonscalar_ptr_iterator_tag@0@@Z 00422080 f i DviceCtrlDlg.obj
 0002:000060f0       ??$_Destroy@U_Container_proxy@std@@@std@@YAXPAU_Container_proxy@0@@Z 004220f0 f i DviceCtrlDlg.obj
 0002:00006120       ??$_Dest_val@V?$allocator@V?$CStringT@_WV?$StrTraitMFC_DLL@_WV?$ChTraitsCRT@_W@ATL@@@@@ATL@@@std@@V?$CStringT@_WV?$StrTraitMFC_DLL@_WV?$ChTraitsCRT@_W@ATL@@@@@ATL@@@std@@YAXAAV?$allocator@V?$CStringT@_WV?$StrTraitMFC_DLL@_WV?$ChTraitsCRT@_W@ATL@@@@@ATL@@@0@PAV?$CStringT@_WV?$StrTraitMFC_DLL@_WV?$ChTraitsCRT@_W@ATL@@@@@ATL@@@Z 00422120 f i DviceCtrlDlg.obj
 0002:00006170       ?destroy@?$allocator@V?$CStringT@_WV?$StrTraitMFC_DLL@_WV?$ChTraitsCRT@_W@ATL@@@@@ATL@@@std@@QAEXPAV?$CStringT@_WV?$StrTraitMFC_DLL@_WV?$ChTraitsCRT@_W@ATL@@@@@ATL@@@Z 00422170 f i DviceCtrlDlg.obj
 0002:000061d0       ??$_Destroy@V?$CStringT@_WV?$StrTraitMFC_DLL@_WV?$ChTraitsCRT@_W@ATL@@@@@ATL@@@std@@YAXPAV?$CStringT@_WV?$StrTraitMFC_DLL@_WV?$ChTraitsCRT@_W@ATL@@@@@ATL@@@Z 004221d0 f i DviceCtrlDlg.obj
 0002:00006220       ??_G?$CStringT@_WV?$StrTraitMFC_DLL@_WV?$ChTraitsCRT@_W@ATL@@@@@ATL@@QAEPAXI@Z 00422220 f i DviceCtrlDlg.obj
 0002:000062a0       ?SupportsRestartManager@CWinApp@@UBEHXZ 004222a0 f i DviceCtrlDlg.obj
 0002:000062f0       ?SupportsApplicationRecovery@CWinApp@@UBEHXZ 004222f0 f i DviceCtrlDlg.obj
 0002:00006340       ?SupportsAutosaveAtRestart@CWinApp@@UBEHXZ 00422340 f i DviceCtrlDlg.obj
 0002:00006390       ?SupportsAutosaveAtInterval@CWinApp@@UBEHXZ 00422390 f i DviceCtrlDlg.obj
 0002:000063e0       ?ReopenPreviousFilesAtRestart@CWinApp@@UBEHXZ 004223e0 f i DviceCtrlDlg.obj
 0002:00006430       ?RestoreAutosavedFilesAtRestart@CWinApp@@UBEHXZ 00422430 f i DviceCtrlDlg.obj
 0002:00006480       ?GetApplicationRestartFlags@CWinApp@@UAEKXZ 00422480 f i DviceCtrlDlg.obj
 0002:000064c0       ?GetApplicationRecoveryParameter@CWinApp@@UAEPAXXZ 004224c0 f i DviceCtrlDlg.obj
 0002:00006500       ?GetApplicationRecoveryPingInterval@CWinApp@@UAEKXZ 00422500 f i DviceCtrlDlg.obj
 0002:00006540       ?OnWorkspaceIdle@CWinAppEx@@UAEHPAVCWnd@@@Z 00422540 f i DviceCtrlDlg.obj
 0002:00006580       ?PreLoadState@CWinAppEx@@MAEXXZ 00422580 f i DviceCtrlDlg.obj
 0002:000065c0       ?LoadCustomState@CWinAppEx@@MAEXXZ 004225c0 f i DviceCtrlDlg.obj
 0002:00006600       ?PreSaveState@CWinAppEx@@MAEXXZ 00422600 f i DviceCtrlDlg.obj
 0002:00006640       ?SaveCustomState@CWinAppEx@@MAEXXZ 00422640 f i DviceCtrlDlg.obj
 0002:00006680       ??0CAboutDlg@@QAE@XZ       00422680 f   DviceCtrlDlgDlg.obj
 0002:000066f0       ??_ECAboutDlg@@UAEPAXI@Z   004226f0 f i DviceCtrlDlgDlg.obj
 0002:000066f0       ??_GCAboutDlg@@UAEPAXI@Z   004226f0 f i DviceCtrlDlgDlg.obj
 0002:00006760       ??1CAboutDlg@@UAE@XZ       00422760 f i DviceCtrlDlgDlg.obj
 0002:000067b0       ?DoDataExchange@CAboutDlg@@MAEXPAVCDataExchange@@@Z 004227b0 f   DviceCtrlDlgDlg.obj
 0002:00006810       ?GetMessageMap@CAboutDlg@@MBEPBUAFX_MSGMAP@@XZ 00422810 f   DviceCtrlDlgDlg.obj
 0002:00006860       ?GetThisMessageMap@CAboutDlg@@KGPBUAFX_MSGMAP@@XZ 00422860 f   DviceCtrlDlgDlg.obj
 0002:000068a0       ??0CDviceCtrlDlgDlg@@QAE@PAVCWnd@@@Z 004228a0 f   DviceCtrlDlgDlg.obj
 0002:00006ba0       ??_ECDviceCtrlDlgDlg@@UAEPAXI@Z 00422ba0 f i DviceCtrlDlgDlg.obj
 0002:00006ba0       ??_GCDviceCtrlDlgDlg@@UAEPAXI@Z 00422ba0 f i DviceCtrlDlgDlg.obj
 0002:00006c10       ?DoDataExchange@CDviceCtrlDlgDlg@@MAEXPAVCDataExchange@@@Z 00422c10 f   DviceCtrlDlgDlg.obj
 0002:00006f70       ?GetMessageMap@CDviceCtrlDlgDlg@@MBEPBUAFX_MSGMAP@@XZ 00422f70 f   DviceCtrlDlgDlg.obj
 0002:00006fc0       ?GetThisMessageMap@CDviceCtrlDlgDlg@@KGPBUAFX_MSGMAP@@XZ 00422fc0 f   DviceCtrlDlgDlg.obj
 0002:00007000       ?OnInitDialog@CDviceCtrlDlgDlg@@MAEHXZ 00423000 f   DviceCtrlDlgDlg.obj
 0002:00007ae0       ?OnSysCommand@CDviceCtrlDlgDlg@@IAEXIJ@Z 00423ae0 f   DviceCtrlDlgDlg.obj
 0002:00007c00       ?OnPaint@CDviceCtrlDlgDlg@@IAEXXZ 00423c00 f   DviceCtrlDlgDlg.obj
 0002:00007e00       ?OnQueryDragIcon@CDviceCtrlDlgDlg@@IAEPAUHICON__@@XZ 00423e00 f   DviceCtrlDlgDlg.obj
 0002:00007e40       ?OnBnClickedOk@CDviceCtrlDlgDlg@@QAEXXZ 00423e40 f   DviceCtrlDlgDlg.obj
 0002:000080c0       ?OnBnClickedCancel@CDviceCtrlDlgDlg@@QAEXXZ 004240c0 f   DviceCtrlDlgDlg.obj
 0002:00008130       ?GetUsbDevInfo@CDviceCtrlDlgDlg@@QAEIPAXPAU_GUID@@PB_W@Z 00424130 f   DviceCtrlDlgDlg.obj
 0002:00008630       ?GetPortValue@CDviceCtrlDlgDlg@@QAEHPA_WAAH@Z 00424630 f   DviceCtrlDlgDlg.obj
 0002:00008760       ?pow@@YANNH@Z              00424760 f i DviceCtrlDlgDlg.obj
 0002:000087c0       ?DC_EnumCommPort@CDviceCtrlDlgDlg@@QAEHPAHAAH@Z 004247c0 f   DviceCtrlDlgDlg.obj
 0002:00008b20       ?OpenSerialPort@CDviceCtrlDlgDlg@@QAEHHW4ReceiveMode@CComPort@LsComm@@@Z 00424b20 f   DviceCtrlDlgDlg.obj
 0002:00008c70       ?GetIntValue@CDviceCtrlDlgDlg@@QAEH_W@Z 00424c70 f   DviceCtrlDlgDlg.obj
 0002:00008df0       ?ConvertStrToUC@CDviceCtrlDlgDlg@@QAEXV?$CStringT@_WV?$StrTraitMFC_DLL@_WV?$ChTraitsCRT@_W@ATL@@@@@ATL@@PAEAAK@Z 00424df0 f   DviceCtrlDlgDlg.obj
 0002:00009020       ?CheckSendDataFormat@CDviceCtrlDlgDlg@@QAEHPAE@Z 00425020 f   DviceCtrlDlgDlg.obj
 0002:000090a0       ?SerialSendData@CDviceCtrlDlgDlg@@QAEHV?$CStringT@_WV?$StrTraitMFC_DLL@_WV?$ChTraitsCRT@_W@ATL@@@@@ATL@@@Z 004250a0 f   DviceCtrlDlgDlg.obj
 0002:000094c0       ?ScanSerialPort@CDviceCtrlDlgDlg@@QAEHXZ 004254c0 f   DviceCtrlDlgDlg.obj
 0002:00009e30       ?CheckoutReceiveData@CDviceCtrlDlgDlg@@QAEHPAE0AAK@Z 00425e30 f   DviceCtrlDlgDlg.obj
 0002:00009ff0       ?DeviceReadyCheck@CDviceCtrlDlgDlg@@QAEHPAEH@Z 00425ff0 f   DviceCtrlDlgDlg.obj
 0002:0000a430       ?OnReceiveSerialData@@YAXPAX0K@Z 00426430 f   DviceCtrlDlgDlg.obj
 0002:0000a770       ?SplitString@CDviceCtrlDlgDlg@@QAEXV?$CStringT@_WV?$StrTraitMFC_DLL@_WV?$ChTraitsCRT@_W@ATL@@@@@ATL@@AAVCStringArray@@D@Z 00426770 f   DviceCtrlDlgDlg.obj
 0002:0000aa50       ?CommExecute@CDviceCtrlDlgDlg@@QAEHV?$CStringT@_WV?$StrTraitMFC_DLL@_WV?$ChTraitsCRT@_W@ATL@@@@@ATL@@0AAV23@@Z 00426a50 f   DviceCtrlDlgDlg.obj
 0002:0000c2c0       ?ResultStatus@CDviceCtrlDlgDlg@@QAEXV?$CStringT@_WV?$StrTraitMFC_DLL@_WV?$ChTraitsCRT@_W@ATL@@@@@ATL@@H@Z 004282c0 f   DviceCtrlDlgDlg.obj
 0002:0000c5f0       ?ReceiveDataDispose@CDviceCtrlDlgDlg@@QAE?AV?$CStringT@_WV?$StrTraitMFC_DLL@_WV?$ChTraitsCRT@_W@ATL@@@@@ATL@@V23@PAEAAK@Z 004285f0 f   DviceCtrlDlgDlg.obj
 0002:0000d690       ?WriteLog@CDviceCtrlDlgDlg@@QAEXV?$CStringT@_WV?$StrTraitMFC_DLL@_WV?$ChTraitsCRT@_W@ATL@@@@@ATL@@0@Z 00429690 f   DviceCtrlDlgDlg.obj
 0002:0000d9d0       ?InitCmdParam@CDviceCtrlDlgDlg@@QAEXPAUCOMMAND_PARAM@1@@Z 004299d0 f   DviceCtrlDlgDlg.obj
 0002:0000dae0       ?PreTranslateMessage@CDviceCtrlDlgDlg@@UAEHPAUtagMSG@@@Z 00429ae0 f   DviceCtrlDlgDlg.obj
 0002:0000dca0       ?ExecuteIndexComm@CDviceCtrlDlgDlg@@QAEHHV?$CStringT@_WV?$StrTraitMFC_DLL@_WV?$ChTraitsCRT@_W@ATL@@@@@ATL@@@Z 00429ca0 f   DviceCtrlDlgDlg.obj
 0002:0000e140       ??0COMMAND_PARAM@CDviceCtrlDlgDlg@@QAE@XZ 0042a140 f i DviceCtrlDlgDlg.obj
 0002:0000e210       ??1COMMAND_PARAM@CDviceCtrlDlgDlg@@QAE@XZ 0042a210 f i DviceCtrlDlgDlg.obj
 0002:0000e2e0       ?SoundInputCommExecute@CDviceCtrlDlgDlg@@QAEXHV?$CStringT@_WV?$StrTraitMFC_DLL@_WV?$ChTraitsCRT@_W@ATL@@@@@ATL@@H@Z 0042a2e0 f   DviceCtrlDlgDlg.obj
 0002:0000e4e0       ?SoundOutputCommExecute@CDviceCtrlDlgDlg@@QAEXHV?$CStringT@_WV?$StrTraitMFC_DLL@_WV?$ChTraitsCRT@_W@ATL@@@@@ATL@@H@Z 0042a4e0 f   DviceCtrlDlgDlg.obj
 0002:0000e640       ?GetRPParam@CDviceCtrlDlgDlg@@QAE?AV?$CStringT@_WV?$StrTraitMFC_DLL@_WV?$ChTraitsCRT@_W@ATL@@@@@ATL@@HH@Z 0042a640 f   DviceCtrlDlgDlg.obj
 0002:0000e8b0       ?OnBnClickedInputSpk@CDviceCtrlDlgDlg@@QAEXXZ 0042a8b0 f   DviceCtrlDlgDlg.obj
 0002:0000eb50       ?OnBnClickedInputSpk2@CDviceCtrlDlgDlg@@QAEXXZ 0042ab50 f   DviceCtrlDlgDlg.obj
 0002:0000edf0       ?OnBnClickedInputRec@CDviceCtrlDlgDlg@@QAEXXZ 0042adf0 f   DviceCtrlDlgDlg.obj
 0002:0000f090       ?OnBnClickedInputEarL@CDviceCtrlDlgDlg@@QAEXXZ 0042b090 f   DviceCtrlDlgDlg.obj
 0002:0000f330       ?OnBnClickedInputEarR@CDviceCtrlDlgDlg@@QAEXXZ 0042b330 f   DviceCtrlDlgDlg.obj
 0002:0000f5d0       ?OnBnClickedInputVib@CDviceCtrlDlgDlg@@QAEXXZ 0042b5d0 f   DviceCtrlDlgDlg.obj
 0002:0000f870       ?OnBnClickedInputClose@CDviceCtrlDlgDlg@@QAEXXZ 0042b870 f   DviceCtrlDlgDlg.obj
 0002:0000f990       ?OnBnClickedOutputMic@CDviceCtrlDlgDlg@@QAEXXZ 0042b990 f   DviceCtrlDlgDlg.obj
 0002:0000fbd0       ?OnBnClickedOutputEarMic@CDviceCtrlDlgDlg@@QAEXXZ 0042bbd0 f   DviceCtrlDlgDlg.obj
 0002:0000fe10       ?OnBnClickedOutputClose@CDviceCtrlDlgDlg@@QAEXXZ 0042be10 f   DviceCtrlDlgDlg.obj
 0002:0000ff30       ?OnBnClickedBacklightStart@CDviceCtrlDlgDlg@@QAEXXZ 0042bf30 f   DviceCtrlDlgDlg.obj
 0002:0000ffd0       ?OnBnClickedBacklightDetect@CDviceCtrlDlgDlg@@QAEXXZ 0042bfd0 f   DviceCtrlDlgDlg.obj
 0002:00010070       ?OnBnClickedFiashlightStart@CDviceCtrlDlgDlg@@QAEXXZ 0042c070 f   DviceCtrlDlgDlg.obj
 0002:00010110       ?OnBnClickedFiashlightDetect@CDviceCtrlDlgDlg@@QAEXXZ 0042c110 f   DviceCtrlDlgDlg.obj
 0002:000101b0       ?OnBnClickedProductReadyCheck@CDviceCtrlDlgDlg@@QAEXXZ 0042c1b0 f   DviceCtrlDlgDlg.obj
 0002:00010230       ?OnBnClickedDeviceReadyCheck@CDviceCtrlDlgDlg@@QAEXXZ 0042c230 f   DviceCtrlDlgDlg.obj
 0002:000102b0       ?OnBnClickedLevelCheck1@CDviceCtrlDlgDlg@@QAEXXZ 0042c2b0 f   DviceCtrlDlgDlg.obj
 0002:00010330       ?OnBnClickedLevelCheck2@CDviceCtrlDlgDlg@@QAEXXZ 0042c330 f   DviceCtrlDlgDlg.obj
 0002:000103b0       ?OnBnClickedLightSource1@CDviceCtrlDlgDlg@@QAEXXZ 0042c3b0 f   DviceCtrlDlgDlg.obj
 0002:000104a0       ?OnBnClickedLightSource2@CDviceCtrlDlgDlg@@QAEXXZ 0042c4a0 f   DviceCtrlDlgDlg.obj
 0002:00010590       ?OnBnClickedLed1@CDviceCtrlDlgDlg@@QAEXXZ 0042c590 f   DviceCtrlDlgDlg.obj
 0002:00010680       ?OnBnClickedLed2@CDviceCtrlDlgDlg@@QAEXXZ 0042c680 f   DviceCtrlDlgDlg.obj
 0002:00010770       ?OnBnClickedReset@CDviceCtrlDlgDlg@@QAEXXZ 0042c770 f   DviceCtrlDlgDlg.obj
 0002:000107f0       ?OnBnClickedBoxOpen@CDviceCtrlDlgDlg@@QAEXXZ 0042c7f0 f   DviceCtrlDlgDlg.obj
 0002:00010870       ?OnBnClickedBoxClose@CDviceCtrlDlgDlg@@QAEXXZ 0042c870 f   DviceCtrlDlgDlg.obj
 0002:000108f0       ?OnBnClickedClampCtrl@CDviceCtrlDlgDlg@@QAEXXZ 0042c8f0 f   DviceCtrlDlgDlg.obj
 0002:000109e0       ?OnBnClickedEpCtrl@CDviceCtrlDlgDlg@@QAEXXZ 0042c9e0 f   DviceCtrlDlgDlg.obj
 0002:00010ad0       ?OnBnClicked5vPower@CDviceCtrlDlgDlg@@QAEXXZ 0042cad0 f   DviceCtrlDlgDlg.obj
 0002:00010bc0       ?OnNMCustomdrawAdjustVoltage@CDviceCtrlDlgDlg@@QAEXPAUtagNMHDR@@PAJ@Z 0042cbc0 f   DviceCtrlDlgDlg.obj
 0002:00010c80       ?OnNMReleasedcaptureAdjustVoltage@CDviceCtrlDlgDlg@@QAEXPAUtagNMHDR@@PAJ@Z 0042cc80 f   DviceCtrlDlgDlg.obj
 0002:00010e00       ?OnBnClickedGSensor@CDviceCtrlDlgDlg@@QAEXXZ 0042ce00 f   DviceCtrlDlgDlg.obj
 0002:00010e40       ?OnBnClickedMagneticRotateMagnetic@CDviceCtrlDlgDlg@@QAEXXZ 0042ce40 f   DviceCtrlDlgDlg.obj
 0002:00010ec0       ?OnBnClickedRotateStop@CDviceCtrlDlgDlg@@QAEXXZ 0042cec0 f   DviceCtrlDlgDlg.obj
 0002:00010f40       ?OnBnClickedVideoSelect1@CDviceCtrlDlgDlg@@QAEXXZ 0042cf40 f   DviceCtrlDlgDlg.obj
 0002:00010fc0       ?OnBnClickedVideoSelect2@CDviceCtrlDlgDlg@@QAEXXZ 0042cfc0 f   DviceCtrlDlgDlg.obj
 0002:00011040       ?OnBnClickedVideoSelect3@CDviceCtrlDlgDlg@@QAEXXZ 0042d040 f   DviceCtrlDlgDlg.obj
 0002:000110c0       ?OnBnClickedVideoSelect4@CDviceCtrlDlgDlg@@QAEXXZ 0042d0c0 f   DviceCtrlDlgDlg.obj
 0002:00011140       ?MonitorLog@CDviceCtrlDlgDlg@@QAEXV?$CStringT@_WV?$StrTraitMFC_DLL@_WV?$ChTraitsCRT@_W@ATL@@@@@ATL@@@Z 0042d140 f   DviceCtrlDlgDlg.obj
 0002:00011930       ?ResultStatus@CDviceCtrlDlgDlg@@QAEXH@Z 0042d930 f   DviceCtrlDlgDlg.obj
 0002:00011d10       ?Format@CTime@ATL@@QBE?AV?$CStringT@_WV?$StrTraitMFC_DLL@_WV?$ChTraitsCRT@_W@ATL@@@@@2@PB_W@Z 0042dd10 f i DviceCtrlDlgDlg.obj
 0002:000120d0       ?AtlThrowImpl@ATL@@YGXJ@Z  0042e0d0 f i DviceCtrlDlgDlg.obj
 0002:00012280       ??0CTraceFileAndLineInfo@ATL@@QAE@PBDH@Z 0042e280 f i DviceCtrlDlgDlg.obj
 0002:00012380       ?TraceV@CTrace@ATL@@QBAXPBDHKIPB_WPAD@Z 0042e380 f i DviceCtrlDlgDlg.obj
 0002:00012410       ??BCTraceCategory@ATL@@QBEKXZ 0042e410 f i DviceCtrlDlgDlg.obj
 0002:000124c0       ?OnTimer@CDviceCtrlDlgDlg@@QAEXI@Z 0042e4c0 f   DviceCtrlDlgDlg.obj
 0002:000126a0       ?GetCtrlCmdIndex@CDviceCtrlDlgDlg@@QAEHHH@Z 0042e6a0 f   DviceCtrlDlgDlg.obj
 0002:00012a90       ?ButtonClick@CDviceCtrlDlgDlg@@QAEXHHH@Z 0042ea90 f   DviceCtrlDlgDlg.obj
 0002:00012d00       ?OnBnClickedPower@CDviceCtrlDlgDlg@@QAEXXZ 0042ed00 f   DviceCtrlDlgDlg.obj
 0002:00012d60       ?OnBnClickedVolumeIncrease@CDviceCtrlDlgDlg@@QAEXXZ 0042ed60 f   DviceCtrlDlgDlg.obj
 0002:00012dc0       ?OnBnClickedVolumeDecrease@CDviceCtrlDlgDlg@@QAEXXZ 0042edc0 f   DviceCtrlDlgDlg.obj
 0002:00012e20       ?OnBnClickedVirtualKey1@CDviceCtrlDlgDlg@@QAEXXZ 0042ee20 f   DviceCtrlDlgDlg.obj
 0002:00012e80       ?OnBnClickedVirtualKey2@CDviceCtrlDlgDlg@@QAEXXZ 0042ee80 f   DviceCtrlDlgDlg.obj
 0002:00012ee0       ?OnBnClickedVirtualKey3@CDviceCtrlDlgDlg@@QAEXXZ 0042eee0 f   DviceCtrlDlgDlg.obj
 0002:00012f40       ?OnBnClickedCalloff@CDviceCtrlDlgDlg@@QAEXXZ 0042ef40 f   DviceCtrlDlgDlg.obj
 0002:00012f80       ?OnBnClickedTouch1@CDviceCtrlDlgDlg@@QAEXXZ 0042ef80 f   DviceCtrlDlgDlg.obj
 0002:00012fe0       ?OnBnClickedTouch2@CDviceCtrlDlgDlg@@QAEXXZ 0042efe0 f   DviceCtrlDlgDlg.obj
 0002:00013040       ?OnBnClickedTouch3@CDviceCtrlDlgDlg@@QAEXXZ 0042f040 f   DviceCtrlDlgDlg.obj
 0002:000130a0       ?OnBnClickedTouch4@CDviceCtrlDlgDlg@@QAEXXZ 0042f0a0 f   DviceCtrlDlgDlg.obj
 0002:00013100       ?OnBnClickedTouch5@CDviceCtrlDlgDlg@@QAEXXZ 0042f100 f   DviceCtrlDlgDlg.obj
 0002:00013160       ?EnableEdit@CDviceCtrlDlgDlg@@QAEXH@Z 0042f160 f   DviceCtrlDlgDlg.obj
 0002:00013310       ?OnBnClickedKeyUpMode@CDviceCtrlDlgDlg@@QAEXXZ 0042f310 f   DviceCtrlDlgDlg.obj
 0002:00013380       ?OnBnClickedOtgLevelCheck@CDviceCtrlDlgDlg@@QAEXXZ 0042f380 f   DviceCtrlDlgDlg.obj
 0002:00013400       ?OnBnClickedAdValueCheck@CDviceCtrlDlgDlg@@QAEXXZ 0042f400 f   DviceCtrlDlgDlg.obj
 0002:00013510       ?OnBnClickedOtgCheck@CDviceCtrlDlgDlg@@QAEXXZ 0042f510 f   DviceCtrlDlgDlg.obj
 0002:00013590       ?OnBnClickedOtgReset@CDviceCtrlDlgDlg@@QAEXXZ 0042f590 f   DviceCtrlDlgDlg.obj
 0002:00013610       ?OnBnClickedBlueScreen@CDviceCtrlDlgDlg@@QAEXXZ 0042f610 f   DviceCtrlDlgDlg.obj
 0002:00013700       ?OnBnClickedGreenScreen@CDviceCtrlDlgDlg@@QAEXXZ 0042f700 f   DviceCtrlDlgDlg.obj
 0002:000137f0       ?OnBnClickedRedScreen@CDviceCtrlDlgDlg@@QAEXXZ 0042f7f0 f   DviceCtrlDlgDlg.obj
 0002:000138e0       ?OnBnClickedBlueLed@CDviceCtrlDlgDlg@@QAEXXZ 0042f8e0 f   DviceCtrlDlgDlg.obj
 0002:000139d0       ?OnBnClickedGreenLed@CDviceCtrlDlgDlg@@QAEXXZ 0042f9d0 f   DviceCtrlDlgDlg.obj
 0002:00013ac0       ?OnBnClickedRedLed@CDviceCtrlDlgDlg@@QAEXXZ 0042fac0 f   DviceCtrlDlgDlg.obj
 0002:00013bb0       ?OnBnClickedScreenOpen@CDviceCtrlDlgDlg@@QAEXXZ 0042fbb0 f   DviceCtrlDlgDlg.obj
 0002:00013c30       ?OnBnClickedScreenRead@CDviceCtrlDlgDlg@@QAEXXZ 0042fc30 f   DviceCtrlDlgDlg.obj
 0002:00013cb0       ?OnBnClickedLedOpen@CDviceCtrlDlgDlg@@QAEXXZ 0042fcb0 f   DviceCtrlDlgDlg.obj
 0002:00013d30       ?OnBnClickedLedRead@CDviceCtrlDlgDlg@@QAEXXZ 0042fd30 f   DviceCtrlDlgDlg.obj
 0002:00013db0       ?OnBnClickedFixture@CDviceCtrlDlgDlg@@QAEXXZ 0042fdb0 f   DviceCtrlDlgDlg.obj
 0002:00013e90       ?OnBnClickedUsbPower@CDviceCtrlDlgDlg@@QAEXXZ 0042fe90 f   DviceCtrlDlgDlg.obj
 0002:00013f70       ?ExcuteDevCmd@CDviceCtrlDlgDlg@@QAEHV?$CStringT@_WV?$StrTraitMFC_DLL@_WV?$ChTraitsCRT@_W@ATL@@@@@ATL@@@Z 0042ff70 f   DviceCtrlDlgDlg.obj
 0002:000158d0       ?CirThread@@YGKPAVCDviceCtrlDlgDlg@@@Z 004318d0 f   DviceCtrlDlgDlg.obj
 0002:00015cd0       ?OnBnClickedCir@CDviceCtrlDlgDlg@@QAEXXZ 00431cd0 f   DviceCtrlDlgDlg.obj
 0002:00015da0       ?CheckWideChar@CDviceCtrlDlgDlg@@QAEXV?$CStringT@_WV?$StrTraitMFC_DLL@_WV?$ChTraitsCRT@_W@ATL@@@@@ATL@@AAV23@@Z 00431da0 f   DviceCtrlDlgDlg.obj
 0002:00016020       ?RandThread@@YGKPAVCDviceCtrlDlgDlg@@@Z 00432020 f   DviceCtrlDlgDlg.obj
 0002:00016440       ?OnBnClickedRand@CDviceCtrlDlgDlg@@QAEXXZ 00432440 f   DviceCtrlDlgDlg.obj
 0002:00016710       ?OnBnClickedColorlightsource@CDviceCtrlDlgDlg@@QAEXXZ 00432710 f   DviceCtrlDlgDlg.obj
 0002:000168f0       ?OnBnClickedWhitelightsource@CDviceCtrlDlgDlg@@QAEXXZ 004328f0 f   DviceCtrlDlgDlg.obj
 0002:00016ad0       ?OnBnClickedOlddevctrl@CDviceCtrlDlgDlg@@QAEXXZ 00432ad0 f   DviceCtrlDlgDlg.obj
 0002:00016bd0       ?OnBnClickedHall@CDviceCtrlDlgDlg@@QAEXXZ 00432bd0 f   DviceCtrlDlgDlg.obj
 0002:00016cc0       ?OnBnClickedCamerapower@CDviceCtrlDlgDlg@@QAEXXZ 00432cc0 f   DviceCtrlDlgDlg.obj
 0002:00016db0       ?RecordSerialData@CDviceCtrlDlgDlg@@QAEHV?$CStringT@_WV?$StrTraitMFC_DLL@_WV?$ChTraitsCRT@_W@ATL@@@@@ATL@@H@Z 00432db0 f   DviceCtrlDlgDlg.obj
 0002:000172b0       ?OnBnClickedResetport@CDviceCtrlDlgDlg@@QAEXXZ 004332b0 f   DviceCtrlDlgDlg.obj
 0002:00017360       ?OnBnClickedGravity@CDviceCtrlDlgDlg@@QAEXXZ 00433360 f   DviceCtrlDlgDlg.obj
 0002:00017450       ?OnBnClickedRadio1@CDviceCtrlDlgDlg@@QAEXXZ 00433450 f   DviceCtrlDlgDlg.obj
 0002:00017630       ?OnBnClickedButton5@CDviceCtrlDlgDlg@@QAEXXZ 00433630 f   DviceCtrlDlgDlg.obj
 0002:000176b0       ?OnBnClickedButton6@CDviceCtrlDlgDlg@@QAEXXZ 004336b0 f   DviceCtrlDlgDlg.obj
 0002:00017730       ?OnBnClickedButton7@CDviceCtrlDlgDlg@@QAEXXZ 00433730 f   DviceCtrlDlgDlg.obj
 0002:000177b0       ?OnBnClickedButton8@CDviceCtrlDlgDlg@@QAEXXZ 004337b0 f   DviceCtrlDlgDlg.obj
 0002:00017830       ?OnBnClickedRadio2@CDviceCtrlDlgDlg@@QAEXXZ 00433830 f   DviceCtrlDlgDlg.obj
 0002:00017a10       ?OnBnClickedRadio3@CDviceCtrlDlgDlg@@QAEXXZ 00433a10 f   DviceCtrlDlgDlg.obj
 0002:00017bf0       ?OnBnClickedRadio4@CDviceCtrlDlgDlg@@QAEXXZ 00433bf0 f   DviceCtrlDlgDlg.obj
 0002:00017dd0       ??HATL@@YA?AV?$CStringT@_WV?$StrTraitMFC_DLL@_WV?$ChTraitsCRT@_W@ATL@@@@@0@ABV10@0@Z 00433dd0 f i DviceCtrlDlgDlg.obj
 0002:00017f90       ??0?$vector@V?$CStringT@_WV?$StrTraitMFC_DLL@_WV?$ChTraitsCRT@_W@ATL@@@@@ATL@@V?$allocator@V?$CStringT@_WV?$StrTraitMFC_DLL@_WV?$ChTraitsCRT@_W@ATL@@@@@ATL@@@std@@@std@@QAE@XZ 00433f90 f i DviceCtrlDlgDlg.obj
 0002:00018000       ?size@?$vector@V?$CStringT@_WV?$StrTraitMFC_DLL@_WV?$ChTraitsCRT@_W@ATL@@@@@ATL@@V?$allocator@V?$CStringT@_WV?$StrTraitMFC_DLL@_WV?$ChTraitsCRT@_W@ATL@@@@@ATL@@@std@@@std@@QBEIXZ 00434000 f i DviceCtrlDlgDlg.obj
 0002:00018050       ?at@?$vector@V?$CStringT@_WV?$StrTraitMFC_DLL@_WV?$ChTraitsCRT@_W@ATL@@@@@ATL@@V?$allocator@V?$CStringT@_WV?$StrTraitMFC_DLL@_WV?$ChTraitsCRT@_W@ATL@@@@@ATL@@@std@@@std@@QAEAAV?$CStringT@_WV?$StrTraitMFC_DLL@_WV?$ChTraitsCRT@_W@ATL@@@@@ATL@@I@Z 00434050 f i DviceCtrlDlgDlg.obj
 0002:000180c0       ?push_back@?$vector@V?$CStringT@_WV?$StrTraitMFC_DLL@_WV?$ChTraitsCRT@_W@ATL@@@@@ATL@@V?$allocator@V?$CStringT@_WV?$StrTraitMFC_DLL@_WV?$ChTraitsCRT@_W@ATL@@@@@ATL@@@std@@@std@@QAEXABV?$CStringT@_WV?$StrTraitMFC_DLL@_WV?$ChTraitsCRT@_W@ATL@@@@@ATL@@@Z 004340c0 f i DviceCtrlDlgDlg.obj
 0002:00018230       ?_Inside@?$vector@V?$CStringT@_WV?$StrTraitMFC_DLL@_WV?$ChTraitsCRT@_W@ATL@@@@@ATL@@V?$allocator@V?$CStringT@_WV?$StrTraitMFC_DLL@_WV?$ChTraitsCRT@_W@ATL@@@@@ATL@@@std@@@std@@IBE_NPBV?$CStringT@_WV?$StrTraitMFC_DLL@_WV?$ChTraitsCRT@_W@ATL@@@@@ATL@@@Z 00434230 f i DviceCtrlDlgDlg.obj
 0002:000182b0       ?_Reserve@?$vector@V?$CStringT@_WV?$StrTraitMFC_DLL@_WV?$ChTraitsCRT@_W@ATL@@@@@ATL@@V?$allocator@V?$CStringT@_WV?$StrTraitMFC_DLL@_WV?$ChTraitsCRT@_W@ATL@@@@@ATL@@@std@@@std@@IAEXI@Z 004342b0 f i DviceCtrlDlgDlg.obj
 0002:00018360       ?_Xran@?$vector@V?$CStringT@_WV?$StrTraitMFC_DLL@_WV?$ChTraitsCRT@_W@ATL@@@@@ATL@@V?$allocator@V?$CStringT@_WV?$StrTraitMFC_DLL@_WV?$ChTraitsCRT@_W@ATL@@@@@ATL@@@std@@@std@@IBEXXZ 00434360 f i DviceCtrlDlgDlg.obj
 0002:000183c0       ?_Orphan_range@?$vector@V?$CStringT@_WV?$StrTraitMFC_DLL@_WV?$ChTraitsCRT@_W@ATL@@@@@ATL@@V?$allocator@V?$CStringT@_WV?$StrTraitMFC_DLL@_WV?$ChTraitsCRT@_W@ATL@@@@@ATL@@@std@@@std@@IBEXPAV?$CStringT@_WV?$StrTraitMFC_DLL@_WV?$ChTraitsCRT@_W@ATL@@@@@ATL@@0@Z 004343c0 f i DviceCtrlDlgDlg.obj
 0002:00018540       ?_Clrcont@_Iterator_base12@std@@QAEXXZ 00434540 f i DviceCtrlDlgDlg.obj
 0002:00018580       ?_Getpnext@_Iterator_base12@std@@QAEPAPAU12@XZ 00434580 f i DviceCtrlDlgDlg.obj
 0002:000185c0       ??0?$_Vector_val@V?$CStringT@_WV?$StrTraitMFC_DLL@_WV?$ChTraitsCRT@_W@ATL@@@@@ATL@@V?$allocator@V?$CStringT@_WV?$StrTraitMFC_DLL@_WV?$ChTraitsCRT@_W@ATL@@@@@ATL@@@std@@@std@@QAE@V?$allocator@V?$CStringT@_WV?$StrTraitMFC_DLL@_WV?$ChTraitsCRT@_W@ATL@@@@@ATL@@@1@@Z 004345c0 f i DviceCtrlDlgDlg.obj
 0002:00018740       ??0_Container_proxy@std@@QAE@XZ 00434740 f i DviceCtrlDlgDlg.obj
 0002:00018790       ??0?$allocator@V?$CStringT@_WV?$StrTraitMFC_DLL@_WV?$ChTraitsCRT@_W@ATL@@@@@ATL@@@std@@QAE@XZ 00434790 f i DviceCtrlDlgDlg.obj
 0002:000187d0       ?reserve@?$vector@V?$CStringT@_WV?$StrTraitMFC_DLL@_WV?$ChTraitsCRT@_W@ATL@@@@@ATL@@V?$allocator@V?$CStringT@_WV?$StrTraitMFC_DLL@_WV?$ChTraitsCRT@_W@ATL@@@@@ATL@@@std@@@std@@QAEXI@Z 004347d0 f i DviceCtrlDlgDlg.obj
 0002:000189b0       ?capacity@?$vector@V?$CStringT@_WV?$StrTraitMFC_DLL@_WV?$ChTraitsCRT@_W@ATL@@@@@ATL@@V?$allocator@V?$CStringT@_WV?$StrTraitMFC_DLL@_WV?$ChTraitsCRT@_W@ATL@@@@@ATL@@@std@@@std@@QBEIXZ 004349b0 f i DviceCtrlDlgDlg.obj
 0002:00018a00       ?max_size@?$vector@V?$CStringT@_WV?$StrTraitMFC_DLL@_WV?$ChTraitsCRT@_W@ATL@@@@@ATL@@V?$allocator@V?$CStringT@_WV?$StrTraitMFC_DLL@_WV?$ChTraitsCRT@_W@ATL@@@@@ATL@@@std@@@std@@QBEIXZ 00434a00 f i DviceCtrlDlgDlg.obj
 0002:00018a60       ?_Grow_to@?$vector@V?$CStringT@_WV?$StrTraitMFC_DLL@_WV?$ChTraitsCRT@_W@ATL@@@@@ATL@@V?$allocator@V?$CStringT@_WV?$StrTraitMFC_DLL@_WV?$ChTraitsCRT@_W@ATL@@@@@ATL@@@std@@@std@@IBEII@Z 00434a60 f i DviceCtrlDlgDlg.obj
 0002:00018b10       ?_Xlen@?$vector@V?$CStringT@_WV?$StrTraitMFC_DLL@_WV?$ChTraitsCRT@_W@ATL@@@@@ATL@@V?$allocator@V?$CStringT@_WV?$StrTraitMFC_DLL@_WV?$ChTraitsCRT@_W@ATL@@@@@ATL@@@std@@@std@@IBEXXZ 00434b10 f i DviceCtrlDlgDlg.obj
 0002:00018b70       ??0?$allocator@V?$CStringT@_WV?$StrTraitMFC_DLL@_WV?$ChTraitsCRT@_W@ATL@@@@@ATL@@@std@@QAE@ABV01@@Z 00434b70 f i DviceCtrlDlgDlg.obj
 0002:00018bb0       ?allocate@?$allocator@U_Container_proxy@std@@@std@@QAEPAU_Container_proxy@2@I@Z 00434bb0 f i DviceCtrlDlgDlg.obj
 0002:00018c10       ?allocate@?$allocator@V?$CStringT@_WV?$StrTraitMFC_DLL@_WV?$ChTraitsCRT@_W@ATL@@@@@ATL@@@std@@QAEPAV?$CStringT@_WV?$StrTraitMFC_DLL@_WV?$ChTraitsCRT@_W@ATL@@@@@ATL@@I@Z 00434c10 f i DviceCtrlDlgDlg.obj
 0002:00018c70       ?max_size@?$allocator@V?$CStringT@_WV?$StrTraitMFC_DLL@_WV?$ChTraitsCRT@_W@ATL@@@@@ATL@@@std@@QBEIXZ 00434c70 f i DviceCtrlDlgDlg.obj
 0002:00018ce0       ??$_Pow_int@N@@YANNH@Z     00434ce0 f i DviceCtrlDlgDlg.obj
 0002:00018d90       ??$addressof@$$CBV?$CStringT@_WV?$StrTraitMFC_DLL@_WV?$ChTraitsCRT@_W@ATL@@@@@ATL@@@std@@YAPBV?$CStringT@_WV?$StrTraitMFC_DLL@_WV?$ChTraitsCRT@_W@ATL@@@@@ATL@@ABV12@@Z 00434d90 f i DviceCtrlDlgDlg.obj
 0002:00018dd0       ??$_Cons_val@V?$allocator@V?$CStringT@_WV?$StrTraitMFC_DLL@_WV?$ChTraitsCRT@_W@ATL@@@@@ATL@@@std@@V?$CStringT@_WV?$StrTraitMFC_DLL@_WV?$ChTraitsCRT@_W@ATL@@@@@ATL@@AAV34@@std@@YAXAAV?$allocator@V?$CStringT@_WV?$StrTraitMFC_DLL@_WV?$ChTraitsCRT@_W@ATL@@@@@ATL@@@0@PAV?$CStringT@_WV?$StrTraitMFC_DLL@_WV?$ChTraitsCRT@_W@ATL@@@@@ATL@@AAV23@@Z 00434dd0 f i DviceCtrlDlgDlg.obj
 0002:00018e30       ??$_Cons_val@V?$allocator@V?$CStringT@_WV?$StrTraitMFC_DLL@_WV?$ChTraitsCRT@_W@ATL@@@@@ATL@@@std@@V?$CStringT@_WV?$StrTraitMFC_DLL@_WV?$ChTraitsCRT@_W@ATL@@@@@ATL@@ABV34@@std@@YAXAAV?$allocator@V?$CStringT@_WV?$StrTraitMFC_DLL@_WV?$ChTraitsCRT@_W@ATL@@@@@ATL@@@0@PAV?$CStringT@_WV?$StrTraitMFC_DLL@_WV?$ChTraitsCRT@_W@ATL@@@@@ATL@@ABV23@@Z 00434e30 f i DviceCtrlDlgDlg.obj
 0002:00018e90       ??$_Cons_val@V?$allocator@U_Container_proxy@std@@@std@@U_Container_proxy@2@U32@@std@@YAXAAV?$allocator@U_Container_proxy@std@@@0@PAU_Container_proxy@0@$$QAU20@@Z 00434e90 f i DviceCtrlDlgDlg.obj
 0002:00018ef0       ??$_Umove@PAV?$CStringT@_WV?$StrTraitMFC_DLL@_WV?$ChTraitsCRT@_W@ATL@@@@@ATL@@@?$vector@V?$CStringT@_WV?$StrTraitMFC_DLL@_WV?$ChTraitsCRT@_W@ATL@@@@@ATL@@V?$allocator@V?$CStringT@_WV?$StrTraitMFC_DLL@_WV?$ChTraitsCRT@_W@ATL@@@@@ATL@@@std@@@std@@IAEPAV?$CStringT@_WV?$StrTraitMFC_DLL@_WV?$ChTraitsCRT@_W@ATL@@@@@ATL@@PAV23@00@Z 00434ef0 f i DviceCtrlDlgDlg.obj
 0002:00018f60       ??$_Allocate@U_Container_proxy@std@@@std@@YAPAU_Container_proxy@0@IPAU10@@Z 00434f60 f i DviceCtrlDlgDlg.obj
 0002:00019010       ??0bad_alloc@std@@QAE@PBD@Z 00435010 f i DviceCtrlDlgDlg.obj
 0002:00019090       ??1bad_alloc@std@@UAE@XZ   00435090 f i DviceCtrlDlgDlg.obj
 0002:00019100       ??_Ebad_alloc@std@@UAEPAXI@Z 00435100 f i DviceCtrlDlgDlg.obj
 0002:00019100       ??_Gbad_alloc@std@@UAEPAXI@Z 00435100 f i DviceCtrlDlgDlg.obj
 0002:00019170       ??$_Allocate@V?$CStringT@_WV?$StrTraitMFC_DLL@_WV?$ChTraitsCRT@_W@ATL@@@@@ATL@@@std@@YAPAV?$CStringT@_WV?$StrTraitMFC_DLL@_WV?$ChTraitsCRT@_W@ATL@@@@@ATL@@IPAV12@@Z 00435170 f i DviceCtrlDlgDlg.obj
 0002:00019220       ??0bad_alloc@std@@QAE@ABV01@@Z 00435220 f i DviceCtrlDlgDlg.obj
 0002:000192a0       ?construct@?$allocator@V?$CStringT@_WV?$StrTraitMFC_DLL@_WV?$ChTraitsCRT@_W@ATL@@@@@ATL@@@std@@QAEXPAV?$CStringT@_WV?$StrTraitMFC_DLL@_WV?$ChTraitsCRT@_W@ATL@@@@@ATL@@ABV34@@Z 004352a0 f i DviceCtrlDlgDlg.obj
 0002:00019300       ?construct@?$allocator@U_Container_proxy@std@@@std@@QAEXPAU_Container_proxy@2@$$QAU32@@Z 00435300 f i DviceCtrlDlgDlg.obj
 0002:00019410       ??2@YAPAXIPAX@Z            00435410 f i DviceCtrlDlgDlg.obj
 0002:00019450       ??3@YAXPAX0@Z              00435450 f i DviceCtrlDlgDlg.obj
 0002:00019480       ??$forward@AAV?$CStringT@_WV?$StrTraitMFC_DLL@_WV?$ChTraitsCRT@_W@ATL@@@@@ATL@@@std@@YAAAV?$CStringT@_WV?$StrTraitMFC_DLL@_WV?$ChTraitsCRT@_W@ATL@@@@@ATL@@AAV12@@Z 00435480 f i DviceCtrlDlgDlg.obj
 0002:000194c0       ??$construct@AAV?$CStringT@_WV?$StrTraitMFC_DLL@_WV?$ChTraitsCRT@_W@ATL@@@@@ATL@@@?$allocator@V?$CStringT@_WV?$StrTraitMFC_DLL@_WV?$ChTraitsCRT@_W@ATL@@@@@ATL@@@std@@QAEXPAV?$CStringT@_WV?$StrTraitMFC_DLL@_WV?$ChTraitsCRT@_W@ATL@@@@@ATL@@AAV23@@Z 004354c0 f i DviceCtrlDlgDlg.obj
 0002:000195d0       ??$forward@ABV?$CStringT@_WV?$StrTraitMFC_DLL@_WV?$ChTraitsCRT@_W@ATL@@@@@ATL@@@std@@YAABV?$CStringT@_WV?$StrTraitMFC_DLL@_WV?$ChTraitsCRT@_W@ATL@@@@@ATL@@ABV12@@Z 004355d0 f i DviceCtrlDlgDlg.obj
 0002:00019610       ??$forward@U_Container_proxy@std@@@std@@YA$$QAU_Container_proxy@0@AAU10@@Z 00435610 f i DviceCtrlDlgDlg.obj
 0002:00019650       ??$_Uninitialized_move@PAV?$CStringT@_WV?$StrTraitMFC_DLL@_WV?$ChTraitsCRT@_W@ATL@@@@@ATL@@PAV12@V?$allocator@V?$CStringT@_WV?$StrTraitMFC_DLL@_WV?$ChTraitsCRT@_W@ATL@@@@@ATL@@@std@@@std@@YAPAV?$CStringT@_WV?$StrTraitMFC_DLL@_WV?$ChTraitsCRT@_W@ATL@@@@@ATL@@PAV12@00AAV?$allocator@V?$CStringT@_WV?$StrTraitMFC_DLL@_WV?$ChTraitsCRT@_W@ATL@@@@@ATL@@@0@@Z 00435650 f i DviceCtrlDlgDlg.obj
 0002:000196f0       ??$_Construct@V?$CStringT@_WV?$StrTraitMFC_DLL@_WV?$ChTraitsCRT@_W@ATL@@@@@ATL@@ABV12@@std@@YAXPAV?$CStringT@_WV?$StrTraitMFC_DLL@_WV?$ChTraitsCRT@_W@ATL@@@@@ATL@@ABV12@@Z 004356f0 f i DviceCtrlDlgDlg.obj
 0002:000197f0       ??$_Val_type@PAV?$CStringT@_WV?$StrTraitMFC_DLL@_WV?$ChTraitsCRT@_W@ATL@@@@@ATL@@@std@@YAPAV?$CStringT@_WV?$StrTraitMFC_DLL@_WV?$ChTraitsCRT@_W@ATL@@@@@ATL@@PAV12@@Z 004357f0 f i DviceCtrlDlgDlg.obj
 0002:00019820       ??$_Uninit_move@PAV?$CStringT@_WV?$StrTraitMFC_DLL@_WV?$ChTraitsCRT@_W@ATL@@@@@ATL@@PAV12@V?$allocator@V?$CStringT@_WV?$StrTraitMFC_DLL@_WV?$ChTraitsCRT@_W@ATL@@@@@ATL@@@std@@V12@@std@@YAPAV?$CStringT@_WV?$StrTraitMFC_DLL@_WV?$ChTraitsCRT@_W@ATL@@@@@ATL@@PAV12@00AAV?$allocator@V?$CStringT@_WV?$StrTraitMFC_DLL@_WV?$ChTraitsCRT@_W@ATL@@@@@ATL@@@0@0U_Nonscalar_ptr_iterator_tag@0@@Z 00435820 f i DviceCtrlDlgDlg.obj
 0002:00019980       ??$_Debug_range@PAV?$CStringT@_WV?$StrTraitMFC_DLL@_WV?$ChTraitsCRT@_W@ATL@@@@@ATL@@@std@@YAXPAV?$CStringT@_WV?$StrTraitMFC_DLL@_WV?$ChTraitsCRT@_W@ATL@@@@@ATL@@0PB_WI@Z 00435980 f i DviceCtrlDlgDlg.obj
 0002:00019a00       ??$_Debug_pointer@V?$CStringT@_WV?$StrTraitMFC_DLL@_WV?$ChTraitsCRT@_W@ATL@@@@@ATL@@@std@@YAXPAV?$CStringT@_WV?$StrTraitMFC_DLL@_WV?$ChTraitsCRT@_W@ATL@@@@@ATL@@PB_WI@Z 00435a00 f i DviceCtrlDlgDlg.obj
 0002:00019a70       ??$_Cons_val@V?$allocator@V?$CStringT@_WV?$StrTraitMFC_DLL@_WV?$ChTraitsCRT@_W@ATL@@@@@ATL@@@std@@V?$CStringT@_WV?$StrTraitMFC_DLL@_WV?$ChTraitsCRT@_W@ATL@@@@@ATL@@V34@@std@@YAXAAV?$allocator@V?$CStringT@_WV?$StrTraitMFC_DLL@_WV?$ChTraitsCRT@_W@ATL@@@@@ATL@@@0@PAV?$CStringT@_WV?$StrTraitMFC_DLL@_WV?$ChTraitsCRT@_W@ATL@@@@@ATL@@$$QAV23@@Z 00435a70 f i DviceCtrlDlgDlg.obj
 0002:00019ad0       ?construct@?$allocator@V?$CStringT@_WV?$StrTraitMFC_DLL@_WV?$ChTraitsCRT@_W@ATL@@@@@ATL@@@std@@QAEXPAV?$CStringT@_WV?$StrTraitMFC_DLL@_WV?$ChTraitsCRT@_W@ATL@@@@@ATL@@$$QAV34@@Z 00435ad0 f i DviceCtrlDlgDlg.obj
 0002:00019be0       ??$_Iter_cat@PAV?$CStringT@_WV?$StrTraitMFC_DLL@_WV?$ChTraitsCRT@_W@ATL@@@@@ATL@@@std@@YA?AUrandom_access_iterator_tag@0@ABQAV?$CStringT@_WV?$StrTraitMFC_DLL@_WV?$ChTraitsCRT@_W@ATL@@@@@ATL@@@Z 00435be0 f i DviceCtrlDlgDlg.obj
 0002:00019c60       ??$_Debug_range2@PAV?$CStringT@_WV?$StrTraitMFC_DLL@_WV?$ChTraitsCRT@_W@ATL@@@@@ATL@@@std@@YAXPAV?$CStringT@_WV?$StrTraitMFC_DLL@_WV?$ChTraitsCRT@_W@ATL@@@@@ATL@@0PB_WIUrandom_access_iterator_tag@0@@Z 00435c60 f i DviceCtrlDlgDlg.obj
 0002:00019d10       ??$forward@V?$CStringT@_WV?$StrTraitMFC_DLL@_WV?$ChTraitsCRT@_W@ATL@@@@@ATL@@@std@@YA$$QAV?$CStringT@_WV?$StrTraitMFC_DLL@_WV?$ChTraitsCRT@_W@ATL@@@@@ATL@@AAV12@@Z 00435d10 f i DviceCtrlDlgDlg.obj
 0002:00019d50       ??HATL@@YA?AV?$CStringT@_WV?$StrTraitMFC_DLL@_WV?$ChTraitsCRT@_W@ATL@@@@@0@ABV10@PB_W@Z 00435d50 f i DviceCtrlDlgDlg.obj
 0002:00019f00       ??HATL@@YA?AV?$CStringT@_WV?$StrTraitMFC_DLL@_WV?$ChTraitsCRT@_W@ATL@@@@@0@PB_WABV10@@Z 00435f00 f i DviceCtrlDlgDlg.obj
 0002:0001a0b0       ??8ATL@@YA_NABV?$CStringT@_WV?$StrTraitMFC_DLL@_WV?$ChTraitsCRT@_W@ATL@@@@@0@0@Z 004360b0 f i DviceCtrlDlgDlg.obj
 0002:0001a130       ??8ATL@@YA_NABV?$CStringT@_WV?$StrTraitMFC_DLL@_WV?$ChTraitsCRT@_W@ATL@@@@@0@PB_W@Z 00436130 f i DviceCtrlDlgDlg.obj
 0002:0001a1a0       ??0_SERIAL_PORT_DATA@@QAE@XZ 004361a0 f   serialport.obj
 0002:0001a260       ??1_SERIAL_PORT_DATA@@QAE@XZ 00436260 f   serialport.obj
 0002:0001a2d0       ?AfxThrowSerialException@@YAXK@Z 004362d0 f   serialport.obj
 0002:0001a370       ?GetErrorMessage@CSerialException@@UAEHPA_WIPAI@Z 00436370 f   serialport.obj
 0002:0001a4e0       ?GetErrorMessage@CSerialException@@QAE?AV?$CStringT@_WV?$StrTraitMFC_DLL@_WV?$ChTraitsCRT@_W@ATL@@@@@ATL@@XZ 004364e0 f   serialport.obj
 0002:0001a680       ??0CSerialException@@QAE@K@Z 00436680 f   serialport.obj
 0002:0001a6f0       ??_GCSerialException@@UAEPAXI@Z 004366f0 f i serialport.obj
 0002:0001a6f0       ??_ECSerialException@@UAEPAXI@Z 004366f0 f i serialport.obj
 0002:0001a760       ??1CSerialException@@UAE@XZ 00436760 f   serialport.obj
 0002:0001a7c0       ?_GetBaseClass@CSerialException@@KGPAUCRuntimeClass@@XZ 004367c0 f   serialport.obj
 0002:0001a810       ?GetThisClass@CSerialException@@SGPAUCRuntimeClass@@XZ 00436810 f   serialport.obj
 0002:0001a850       ?GetRuntimeClass@CSerialException@@UBEPAUCRuntimeClass@@XZ 00436850 f   serialport.obj
 0002:0001a890       ?Dump@CSerialException@@UBEXAAVCDumpContext@@@Z 00436890 f   serialport.obj
 0002:0001a910       ??0CSerialPort@@QAE@XZ     00436910 f   serialport.obj
 0002:0001a9a0       ??_ECSerialPort@@UAEPAXI@Z 004369a0 f i serialport.obj
 0002:0001a9a0       ??_GCSerialPort@@UAEPAXI@Z 004369a0 f i serialport.obj
 0002:0001aa10       ??1CSerialPort@@UAE@XZ     00436a10 f   serialport.obj
 0002:0001aaf0       ?_GetBaseClass@CSerialPort@@KGPAUCRuntimeClass@@XZ 00436af0 f   serialport.obj
 0002:0001ab40       ?GetThisClass@CSerialPort@@SGPAUCRuntimeClass@@XZ 00436b40 f   serialport.obj
 0002:0001ab80       ?GetRuntimeClass@CSerialPort@@UBEPAUCRuntimeClass@@XZ 00436b80 f   serialport.obj
 0002:0001abc0       ?Dump@CSerialPort@@UBEXAAVCDumpContext@@@Z 00436bc0 f   serialport.obj
 0002:0001ac70       ?Open@CSerialPort@@QAEXHKW4Parity@1@EW4StopBits@1@W4FlowControl@1@H@Z 00436c70 f   serialport.obj
 0002:0001b290       ?Close@CSerialPort@@QAEXXZ 00437290 f   serialport.obj
 0002:0001b3a0       ?Attach@CSerialPort@@QAEXPAXH@Z 004373a0 f   serialport.obj
 0002:0001b480       ?Detach@CSerialPort@@QAEPAXXZ 00437480 f   serialport.obj
 0002:0001b510       ?Read@CSerialPort@@QAEKPAXK@Z 00437510 f   serialport.obj
 0002:0001b700       ?Read@CSerialPort@@QAEHPAXKAAU_OVERLAPPED@@PAK@Z 00437700 f   serialport.obj
 0002:0001b8a0       ?Write@CSerialPort@@QAEKPBXK@Z 004378a0 f   serialport.obj
 0002:0001ba10       ?Write@CSerialPort@@QAEHPBXKAAU_OVERLAPPED@@PAK@Z 00437a10 f   serialport.obj
 0002:0001bbf0       ?GetOverlappedResult@CSerialPort@@QAE_NAAU_OVERLAPPED@@AAKH@Z 00437bf0 f   serialport.obj
 0002:0001bd40       ?_OnCompletion@CSerialPort@@KGXKKPAU_OVERLAPPED@@@Z 00437d40 f   serialport.obj
 0002:0001be50       ?OnCompletion@CSerialPort@@UAEXKKPAU_OVERLAPPED@@@Z 00437e50 f   serialport.obj
 0002:0001bec0       ?CancelIo@CSerialPort@@QAEXXZ 00437ec0 f   serialport.obj
 0002:0001bfe0       ?BytesWaiting@CSerialPort@@QAEKXZ 00437fe0 f   serialport.obj
 0002:0001c0c0       ?DataWaiting@CSerialPort@@QAEHK@Z 004380c0 f   serialport.obj
 0002:0001c2a0       ?WriteEx@CSerialPort@@QAEXPBXK@Z 004382a0 f   serialport.obj
 0002:0001c400       ?ReadEx@CSerialPort@@QAEXPAXK@Z 00438400 f   serialport.obj
 0002:0001c560       ?TransmitChar@CSerialPort@@QAEXD@Z 00438560 f   serialport.obj
 0002:0001c640       ?GetConfig@CSerialPort@@QAEXAAU_COMMCONFIG@@@Z 00438640 f   serialport.obj
 0002:0001c760       ?SetConfig@CSerialPort@@QAEXAAU_COMMCONFIG@@@Z 00438760 f   serialport.obj
 0002:0001c850       ?SetBreak@CSerialPort@@QAEXXZ 00438850 f   serialport.obj
 0002:0001c930       ?ClearBreak@CSerialPort@@QAEXXZ 00438930 f   serialport.obj
 0002:0001ca10       ?ClearError@CSerialPort@@QAEXAAK@Z 00438a10 f   serialport.obj
 0002:0001caf0       ?GetDefaultConfig@CSerialPort@@SAXHAAU_COMMCONFIG@@@Z 00438af0 f   serialport.obj
 0002:0001ccd0       ?SetDefaultConfig@CSerialPort@@SAXHAAU_COMMCONFIG@@@Z 00438cd0 f   serialport.obj
 0002:0001ce90       ?GetStatus@CSerialPort@@QAEXAAU_COMSTAT@@@Z 00438e90 f   serialport.obj
 0002:0001cfb0       ?GetState@CSerialPort@@QAEXAAU_DCB@@@Z 00438fb0 f   serialport.obj
 0002:0001d090       ?SetState@CSerialPort@@QAEXAAU_DCB@@@Z 00439090 f   serialport.obj
 0002:0001d170       ?Escape@CSerialPort@@QAEXK@Z 00439170 f   serialport.obj
 0002:0001d250       ?ClearDTR@CSerialPort@@QAEXXZ 00439250 f   serialport.obj
 0002:0001d2b0       ?ClearRTS@CSerialPort@@QAEXXZ 004392b0 f   serialport.obj
 0002:0001d310       ?SetDTR@CSerialPort@@QAEXXZ 00439310 f   serialport.obj
 0002:0001d370       ?SetRTS@CSerialPort@@QAEXXZ 00439370 f   serialport.obj
 0002:0001d3d0       ?SetXOFF@CSerialPort@@QAEXXZ 004393d0 f   serialport.obj
 0002:0001d430       ?SetXON@CSerialPort@@QAEXXZ 00439430 f   serialport.obj
 0002:0001d490       ?GetProperties@CSerialPort@@QAEXAAU_COMMPROP@@@Z 00439490 f   serialport.obj
 0002:0001d570       ?GetModemStatus@CSerialPort@@QAEXAAK@Z 00439570 f   serialport.obj
 0002:0001d650       ?SetMask@CSerialPort@@QAEXK@Z 00439650 f   serialport.obj
 0002:0001d730       ?GetMask@CSerialPort@@QAEXAAK@Z 00439730 f   serialport.obj
 0002:0001d810       ?Flush@CSerialPort@@QAEXXZ 00439810 f   serialport.obj
 0002:0001d8f0       ?Purge@CSerialPort@@QAEXK@Z 004398f0 f   serialport.obj
 0002:0001d9d0       ?TerminateOutstandingWrites@CSerialPort@@QAEXXZ 004399d0 f   serialport.obj
 0002:0001da30       ?TerminateOutstandingReads@CSerialPort@@QAEXXZ 00439a30 f   serialport.obj
 0002:0001da90       ?ClearWriteBuffer@CSerialPort@@QAEXXZ 00439a90 f   serialport.obj
 0002:0001daf0       ?ClearReadBuffer@CSerialPort@@QAEXXZ 00439af0 f   serialport.obj
 0002:0001db50       ?Setup@CSerialPort@@QAEXKK@Z 00439b50 f   serialport.obj
 0002:0001dc30       ?SetTimeouts@CSerialPort@@QAEXAAU_COMMTIMEOUTS@@@Z 00439c30 f   serialport.obj
 0002:0001dd10       ?GetTimeouts@CSerialPort@@QAEXAAU_COMMTIMEOUTS@@@Z 00439d10 f   serialport.obj
 0002:0001ddf0       ?Set0Timeout@CSerialPort@@QAEXXZ 00439df0 f   serialport.obj
 0002:0001dec0       ?Set0WriteTimeout@CSerialPort@@QAEXXZ 00439ec0 f   serialport.obj
 0002:0001df90       ?Set0ReadTimeout@CSerialPort@@QAEXXZ 00439f90 f   serialport.obj
 0002:0001e070       ?WaitEvent@CSerialPort@@QAE_NAAK@Z 0043a070 f   serialport.obj
 0002:0001e180       ?WaitEvent@CSerialPort@@QAEHAAKAAU_OVERLAPPED@@@Z 0043a180 f   serialport.obj
 0002:0001e2f0       ??RCTraceFileAndLineInfo@ATL@@QBAXPB_WZZ 0043a2f0 f i serialport.obj
 0002:0001e380       ?_AfxInitManaged@@YAHXZ    0043a380 f i stdafx.obj
 0002:0001e3b0       ??_H@YGXPAXIHP6EPAX0@Z@Z   0043a3b0 f i stdafx.obj
 0002:0001e420       ??0Thank_you@Define_the_symbol__ATL_MIXED@@QAE@XZ 0043a420 f i stdafx.obj
 0002:0001e470       ?one@Thank_you@Define_the_symbol__ATL_MIXED@@UAEXXZ 0043a470 f i stdafx.obj
 0002:0001e4a4       ??3@YAXPAX@Z               0043a4a4 f   mfc100ud:mfc100ud.dll
 0002:0001e4aa       ??3CObject@@SGXPAX@Z       0043a4aa f   mfc100ud:mfc100ud.dll
 0002:0001e4b0       ??2@YAPAXI@Z               0043a4b0 f   mfc100ud:mfc100ud.dll
 0002:0001e4b6       ?Delete@CException@@QAEXXZ 0043a4b6 f   mfc100ud:mfc100ud.dll
 0002:0001e4bc       ??2CObject@@SGPAXI@Z       0043a4bc f   mfc100ud:mfc100ud.dll
 0002:0001e4c2       ?AfxMessageBox@@YGHPB_WII@Z 0043a4c2 f   mfc100ud:mfc100ud.dll
 0002:0001e4c8       ?AfxAssertFailedLine@@YGHPBDH@Z 0043a4c8 f   mfc100ud:mfc100ud.dll
 0002:0001e4ce       ??1?$CStringT@_WV?$StrTraitMFC_DLL@_WV?$ChTraitsCRT@_W@ATL@@@@@ATL@@QAE@XZ 0043a4ce f   mfc100ud:mfc100ud.dll
 0002:0001e4d4       ??Y?$CStringT@_WV?$StrTraitMFC_DLL@_WV?$ChTraitsCRT@_W@ATL@@@@@ATL@@QAEAAV01@ABV?$CSimpleStringT@_W$00@1@@Z 0043a4d4 f   mfc100ud:mfc100ud.dll
 0002:0001e4da       ?Format@?$CStringT@_WV?$StrTraitMFC_DLL@_WV?$ChTraitsCRT@_W@ATL@@@@@ATL@@QAAXPB_WZZ 0043a4da f   mfc100ud:mfc100ud.dll
 0002:0001e4e0       ??0?$CStringT@_WV?$StrTraitMFC_DLL@_WV?$ChTraitsCRT@_W@ATL@@@@@ATL@@QAE@PB_W@Z 0043a4e0 f   mfc100ud:mfc100ud.dll
 0002:0001e4e6       ??_V@YAXPAX@Z              0043a4e6 f   mfc100ud:mfc100ud.dll
 0002:0001e4ec       ??_U@YAPAXI@Z              0043a4ec f   mfc100ud:mfc100ud.dll
 0002:0001e4f2       ?GetThisMessageMap@CWinApp@@KGPBUAFX_MSGMAP@@XZ 0043a4f2 f   mfc100ud:mfc100ud.dll
 0002:0001e4f8       ?OnHelp@CWinApp@@IAEXXZ    0043a4f8 f   mfc100ud:mfc100ud.dll
 0002:0001e4fe       ??0CWinAppEx@@QAE@H@Z      0043a4fe f   mfc100ud:mfc100ud.dll
 0002:0001e504       ?GetRuntimeClass@CWinAppEx@@UBEPAUCRuntimeClass@@XZ 0043a504 f   mfc100ud:mfc100ud.dll
 0002:0001e50a       ?Serialize@CObject@@UAEXAAVCArchive@@@Z 0043a50a f   mfc100ud:mfc100ud.dll
 0002:0001e510       ?AssertValid@CWinApp@@UBEXXZ 0043a510 f   mfc100ud:mfc100ud.dll
 0002:0001e516       ?Dump@CWinApp@@UBEXAAVCDumpContext@@@Z 0043a516 f   mfc100ud:mfc100ud.dll
 0002:0001e51c       ?OnCmdMsg@CCmdTarget@@UAEHIHPAXPAUAFX_CMDHANDLERINFO@@@Z 0043a51c f   mfc100ud:mfc100ud.dll
 0002:0001e522       ?OnFinalRelease@CCmdTarget@@UAEXXZ 0043a522 f   mfc100ud:mfc100ud.dll
 0002:0001e528       ?IsInvokeAllowed@CCmdTarget@@UAEHJ@Z 0043a528 f   mfc100ud:mfc100ud.dll
 0002:0001e52e       ?GetDispatchIID@CCmdTarget@@UAEHPAU_GUID@@@Z 0043a52e f   mfc100ud:mfc100ud.dll
 0002:0001e534       ?GetTypeInfoCount@CCmdTarget@@UAEIXZ 0043a534 f   mfc100ud:mfc100ud.dll
 0002:0001e53a       ?GetTypeLibCache@CCmdTarget@@UAEPAVCTypeLibCache@@XZ 0043a53a f   mfc100ud:mfc100ud.dll
 0002:0001e540       ?GetTypeLib@CCmdTarget@@UAEJKPAPAUITypeLib@@@Z 0043a540 f   mfc100ud:mfc100ud.dll
 0002:0001e546       ?GetCommandMap@CCmdTarget@@MBEPBUAFX_OLECMDMAP@@XZ 0043a546 f   mfc100ud:mfc100ud.dll
 0002:0001e54c       ?GetDispatchMap@CCmdTarget@@MBEPBUAFX_DISPMAP@@XZ 0043a54c f   mfc100ud:mfc100ud.dll
 0002:0001e552       ?GetConnectionMap@CCmdTarget@@MBEPBUAFX_CONNECTIONMAP@@XZ 0043a552 f   mfc100ud:mfc100ud.dll
 0002:0001e558       ?GetInterfaceMap@CCmdTarget@@MBEPBUAFX_INTERFACEMAP@@XZ 0043a558 f   mfc100ud:mfc100ud.dll
 0002:0001e55e       ?GetEventSinkMap@CCmdTarget@@MBEPBUAFX_EVENTSINKMAP@@XZ 0043a55e f   mfc100ud:mfc100ud.dll
 0002:0001e564       ?OnCreateAggregates@CCmdTarget@@UAEHXZ 0043a564 f   mfc100ud:mfc100ud.dll
 0002:0001e56a       ?GetInterfaceHook@CCmdTarget@@UAEPAUIUnknown@@PBX@Z 0043a56a f   mfc100ud:mfc100ud.dll
 0002:0001e570       ?GetExtraConnectionPoints@CCmdTarget@@MAEHPAVCPtrArray@@@Z 0043a570 f   mfc100ud:mfc100ud.dll
 0002:0001e576       ?GetConnectionHook@CCmdTarget@@MAEPAUIConnectionPoint@@ABU_GUID@@@Z 0043a576 f   mfc100ud:mfc100ud.dll
 0002:0001e57c       ?Run@CWinApp@@UAEHXZ       0043a57c f   mfc100ud:mfc100ud.dll
 0002:0001e582       ?PreTranslateMessage@CWinThread@@UAEHPAUtagMSG@@@Z 0043a582 f   mfc100ud:mfc100ud.dll
 0002:0001e588       ?PumpMessage@CWinThread@@UAEHXZ 0043a588 f   mfc100ud:mfc100ud.dll
 0002:0001e58e       ?OnIdle@CWinApp@@UAEHJ@Z   0043a58e f   mfc100ud:mfc100ud.dll
 0002:0001e594       ?IsIdleMessage@CWinThread@@UAEHPAUtagMSG@@@Z 0043a594 f   mfc100ud:mfc100ud.dll
 0002:0001e59a       ?ExitInstance@CWinAppEx@@UAEHXZ 0043a59a f   mfc100ud:mfc100ud.dll
 0002:0001e5a0       ?ProcessWndProcException@CWinApp@@UAEJPAVCException@@PBUtagMSG@@@Z 0043a5a0 f   mfc100ud:mfc100ud.dll
 0002:0001e5a6       ?ProcessMessageFilter@CWinThread@@UAEHHPAUtagMSG@@@Z 0043a5a6 f   mfc100ud:mfc100ud.dll
 0002:0001e5ac       ?GetMainWnd@CWinThread@@UAEPAVCWnd@@XZ 0043a5ac f   mfc100ud:mfc100ud.dll
 0002:0001e5b2       ?Delete@CWinThread@@UAEXXZ 0043a5b2 f   mfc100ud:mfc100ud.dll
 0002:0001e5b8       ?GetProfileIntW@CWinApp@@UAEIPB_W0H@Z 0043a5b8 f   mfc100ud:mfc100ud.dll
 0002:0001e5be       ?WriteProfileInt@CWinApp@@UAEHPB_W0H@Z 0043a5be f   mfc100ud:mfc100ud.dll
 0002:0001e5c4       ?GetProfileStringW@CWinApp@@UAE?AV?$CStringT@_WV?$StrTraitMFC_DLL@_WV?$ChTraitsCRT@_W@ATL@@@@@ATL@@PB_W00@Z 0043a5c4 f   mfc100ud:mfc100ud.dll
 0002:0001e5ca       ?WriteProfileStringW@CWinApp@@UAEHPB_W00@Z 0043a5ca f   mfc100ud:mfc100ud.dll
 0002:0001e5d0       ?GetProfileBinary@CWinApp@@UAEHPB_W0PAPAEPAI@Z 0043a5d0 f   mfc100ud:mfc100ud.dll
 0002:0001e5d6       ?WriteProfileBinary@CWinApp@@UAEHPB_W0PAEI@Z 0043a5d6 f   mfc100ud:mfc100ud.dll
 0002:0001e5dc       ?InitLibId@CWinApp@@UAEXXZ 0043a5dc f   mfc100ud:mfc100ud.dll
 0002:0001e5e2       ?Register@CWinApp@@UAEHXZ  0043a5e2 f   mfc100ud:mfc100ud.dll
 0002:0001e5e8       ?Unregister@CWinApp@@UAEHXZ 0043a5e8 f   mfc100ud:mfc100ud.dll
 0002:0001e5ee       ?OpenDocumentFile@CWinApp@@UAEPAVCDocument@@PB_WH@Z 0043a5ee f   mfc100ud:mfc100ud.dll
 0002:0001e5f4       ?OpenDocumentFile@CWinApp@@UAEPAVCDocument@@PB_W@Z 0043a5f4 f   mfc100ud:mfc100ud.dll
 0002:0001e5fa       ?AddToRecentFileList@CWinApp@@UAEXPB_W@Z 0043a5fa f   mfc100ud:mfc100ud.dll
 0002:0001e600       ?InitApplication@CWinApp@@UAEHXZ 0043a600 f   mfc100ud:mfc100ud.dll
 0002:0001e606       ?SaveAllModified@CWinApp@@UAEHXZ 0043a606 f   mfc100ud:mfc100ud.dll
 0002:0001e60c       ?DoMessageBox@CWinApp@@UAEHPB_WII@Z 0043a60c f   mfc100ud:mfc100ud.dll
 0002:0001e612       ?DoWaitCursor@CWinApp@@UAEXH@Z 0043a612 f   mfc100ud:mfc100ud.dll
 0002:0001e618       ?OnDDECommand@CWinApp@@UAEHPA_W@Z 0043a618 f   mfc100ud:mfc100ud.dll
 0002:0001e61e       ?WinHelpW@CWinApp@@UAEXKI@Z 0043a61e f   mfc100ud:mfc100ud.dll
 0002:0001e624       ?HtmlHelpW@CWinApp@@UAEXKI@Z 0043a624 f   mfc100ud:mfc100ud.dll
 0002:0001e62a       ?WinHelpInternal@CWinApp@@UAEXKI@Z 0043a62a f   mfc100ud:mfc100ud.dll
 0002:0001e630       ?RegisterWithRestartManager@CWinApp@@UAEJPB_WKP6GKPAX@Z1KK@Z 0043a630 f   mfc100ud:mfc100ud.dll
 0002:0001e636       ?RegisterWithRestartManager@CWinApp@@UAEJHABV?$CStringT@_WV?$StrTraitMFC_DLL@_WV?$ChTraitsCRT@_W@ATL@@@@@ATL@@@Z 0043a636 f   mfc100ud:mfc100ud.dll
 0002:0001e63c       ?ApplicationRecoveryCallback@CWinApp@@UAEKPAX@Z 0043a63c f   mfc100ud:mfc100ud.dll
 0002:0001e642       ?GetDataRecoveryHandler@CWinApp@@UAEPAVCDataRecoveryHandler@@XZ 0043a642 f   mfc100ud:mfc100ud.dll
 0002:0001e648       ?IsTaskbarInteractionEnabled@CWinApp@@UAEHXZ 0043a648 f   mfc100ud:mfc100ud.dll
 0002:0001e64e       ?RestartInstance@CWinApp@@UAEHXZ 0043a64e f   mfc100ud:mfc100ud.dll
 0002:0001e654       ?LoadAppLangResourceDLL@CWinApp@@UAEPAUHINSTANCE__@@XZ 0043a654 f   mfc100ud:mfc100ud.dll
 0002:0001e65a       ?LoadSysPolicies@CWinApp@@UAEHXZ 0043a65a f   mfc100ud:mfc100ud.dll
 0002:0001e660       ?LoadState@CWinAppEx@@UAEHPB_WPAVCFrameImpl@@@Z 0043a660 f   mfc100ud:mfc100ud.dll
 0002:0001e666       ?CleanState@CWinAppEx@@UAEHPB_W@Z 0043a666 f   mfc100ud:mfc100ud.dll
 0002:0001e66c       ?SaveState@CWinAppEx@@UAEHPB_WPAVCFrameImpl@@@Z 0043a66c f   mfc100ud:mfc100ud.dll
 0002:0001e672       ?OnViewDoubleClick@CWinAppEx@@UAEHPAVCWnd@@H@Z 0043a672 f   mfc100ud:mfc100ud.dll
 0002:0001e678       ?ShowPopupMenu@CWinAppEx@@UAEHIABVCPoint@@PAVCWnd@@@Z 0043a678 f   mfc100ud:mfc100ud.dll
 0002:0001e67e       ?OnAppContextHelp@CWinAppEx@@UAEXPAVCWnd@@QBK@Z 0043a67e f   mfc100ud:mfc100ud.dll
 0002:0001e684       ?OnClosingMainFrame@CWinAppEx@@MAEXPAVCFrameImpl@@@Z 0043a684 f   mfc100ud:mfc100ud.dll
 0002:0001e68a       ?LoadWindowPlacement@CWinAppEx@@MAEHAAVCRect@@AAH1@Z 0043a68a f   mfc100ud:mfc100ud.dll
 0002:0001e690       ?StoreWindowPlacement@CWinAppEx@@MAEHABVCRect@@HH@Z 0043a690 f   mfc100ud:mfc100ud.dll
 0002:0001e696       ?ReloadWindowPlacement@CWinAppEx@@MAEHPAVCFrameWnd@@@Z 0043a696 f   mfc100ud:mfc100ud.dll
 0002:0001e69c       ??1CWinAppEx@@UAE@XZ       0043a69c f   mfc100ud:mfc100ud.dll
 0002:0001e6a2       ?DoModal@CDialog@@UAEHXZ   0043a6a2 f   mfc100ud:mfc100ud.dll
 0002:0001e6a8       ?SetRegistryKey@CWinApp@@IAEXPB_W@Z 0043a6a8 f   mfc100ud:mfc100ud.dll
 0002:0001e6ae       ?AfxEnableControlContainer@@YAXPAVCOccManager@@@Z 0043a6ae f   mfc100ud:mfc100ud.dll
 0002:0001e6b4       ?InitInstance@CWinApp@@UAEHXZ 0043a6b4 f   mfc100ud:mfc100ud.dll
 0002:0001e6ba       ??1CDialog@@UAE@XZ         0043a6ba f   mfc100ud:mfc100ud.dll
 0002:0001e6c0       ??1CSliderCtrl@@UAE@XZ     0043a6c0 f   mfc100ud:mfc100ud.dll
 0002:0001e6c6       ??1CEdit@@UAE@XZ           0043a6c6 f   mfc100ud:mfc100ud.dll
 0002:0001e6cc       ??1CStatic@@UAE@XZ         0043a6cc f   mfc100ud:mfc100ud.dll
 0002:0001e6d2       ?OnActivate@CWnd@@IAEXIPAV1@H@Z 0043a6d2 f   mfc100ud:mfc100ud.dll
 0002:0001e6d8       ?GetThisMessageMap@CDialog@@KGPBUAFX_MSGMAP@@XZ 0043a6d8 f   mfc100ud:mfc100ud.dll
 0002:0001e6de       ??0CDialog@@QAE@IPAVCWnd@@@Z 0043a6de f   mfc100ud:mfc100ud.dll
 0002:0001e6e4       ?GetRuntimeClass@CDialog@@UBEPAUCRuntimeClass@@XZ 0043a6e4 f   mfc100ud:mfc100ud.dll
 0002:0001e6ea       ?AssertValid@CDialog@@UBEXXZ 0043a6ea f   mfc100ud:mfc100ud.dll
 0002:0001e6f0       ?Dump@CDialog@@UBEXAAVCDumpContext@@@Z 0043a6f0 f   mfc100ud:mfc100ud.dll
 0002:0001e6f6       ?OnCmdMsg@CDialog@@UAEHIHPAXPAUAFX_CMDHANDLERINFO@@@Z 0043a6f6 f   mfc100ud:mfc100ud.dll
 0002:0001e6fc       ?OnFinalRelease@CWnd@@UAEXXZ 0043a6fc f   mfc100ud:mfc100ud.dll
 0002:0001e702       ?GetInterfaceMap@CWnd@@MBEPBUAFX_INTERFACEMAP@@XZ 0043a702 f   mfc100ud:mfc100ud.dll
 0002:0001e708       ?PreSubclassWindow@CWnd@@UAEXXZ 0043a708 f   mfc100ud:mfc100ud.dll
 0002:0001e70e       ?Create@CWnd@@UAEHPB_W0KABUtagRECT@@PAV1@IPAUCCreateContext@@@Z 0043a70e f   mfc100ud:mfc100ud.dll
 0002:0001e714       ?CreateEx@CWnd@@UAEHKPB_W0KABUtagRECT@@PAV1@IPAX@Z 0043a714 f   mfc100ud:mfc100ud.dll
 0002:0001e71a       ?CreateEx@CWnd@@UAEHKPB_W0KHHHHPAUHWND__@@PAUHMENU__@@PAX@Z 0043a71a f   mfc100ud:mfc100ud.dll
 0002:0001e720       ?DestroyWindow@CWnd@@UAEHXZ 0043a720 f   mfc100ud:mfc100ud.dll
 0002:0001e726       ?PreCreateWindow@CWnd@@UAEHAAUtagCREATESTRUCTW@@@Z 0043a726 f   mfc100ud:mfc100ud.dll
 0002:0001e72c       ?CalcWindowRect@CWnd@@UAEXPAUtagRECT@@I@Z 0043a72c f   mfc100ud:mfc100ud.dll
 0002:0001e732       ?GetMenu@CWnd@@UBEPAVCMenu@@XZ 0043a732 f   mfc100ud:mfc100ud.dll
 0002:0001e738       ?SetMenu@CWnd@@UAEHPAVCMenu@@@Z 0043a738 f   mfc100ud:mfc100ud.dll
 0002:0001e73e       ?OnToolHitTest@CWnd@@UBEHVCPoint@@PAUtagTOOLINFOW@@@Z 0043a73e f   mfc100ud:mfc100ud.dll
 0002:0001e744       ?GetScrollBarCtrl@CWnd@@UBEPAVCScrollBar@@H@Z 0043a744 f   mfc100ud:mfc100ud.dll
 0002:0001e74a       ?WinHelpW@CWnd@@UAEXKI@Z   0043a74a f   mfc100ud:mfc100ud.dll
 0002:0001e750       ?HtmlHelpW@CWnd@@UAEXKI@Z  0043a750 f   mfc100ud:mfc100ud.dll
 0002:0001e756       ?WinHelpInternal@CWnd@@UAEXKI@Z 0043a756 f   mfc100ud:mfc100ud.dll
 0002:0001e75c       ?ContinueModal@CWnd@@UAEHXZ 0043a75c f   mfc100ud:mfc100ud.dll
 0002:0001e762       ?EndModalLoop@CWnd@@UAEXH@Z 0043a762 f   mfc100ud:mfc100ud.dll
 0002:0001e768       ?OnDrawIconicThumbnailOrLivePreview@CWnd@@UAEXAAVCDC@@VCRect@@VCSize@@HAAH@Z 0043a768 f   mfc100ud:mfc100ud.dll
 0002:0001e76e       ?EnsureStdObj@CWnd@@UAEJXZ 0043a76e f   mfc100ud:mfc100ud.dll
 0002:0001e774       ?get_accParent@CWnd@@UAEJPAPAUIDispatch@@@Z 0043a774 f   mfc100ud:mfc100ud.dll
 0002:0001e77a       ?get_accChildCount@CWnd@@UAEJPAJ@Z 0043a77a f   mfc100ud:mfc100ud.dll
 0002:0001e780       ?get_accChild@CWnd@@UAEJUtagVARIANT@@PAPAUIDispatch@@@Z 0043a780 f   mfc100ud:mfc100ud.dll
 0002:0001e786       ?get_accName@CWnd@@UAEJUtagVARIANT@@PAPA_W@Z 0043a786 f   mfc100ud:mfc100ud.dll
 0002:0001e78c       ?get_accValue@CWnd@@UAEJUtagVARIANT@@PAPA_W@Z 0043a78c f   mfc100ud:mfc100ud.dll
 0002:0001e792       ?get_accDescription@CWnd@@UAEJUtagVARIANT@@PAPA_W@Z 0043a792 f   mfc100ud:mfc100ud.dll
 0002:0001e798       ?get_accRole@CWnd@@UAEJUtagVARIANT@@PAU2@@Z 0043a798 f   mfc100ud:mfc100ud.dll
 0002:0001e79e       ?get_accState@CWnd@@UAEJUtagVARIANT@@PAU2@@Z 0043a79e f   mfc100ud:mfc100ud.dll
 0002:0001e7a4       ?get_accHelp@CWnd@@UAEJUtagVARIANT@@PAPA_W@Z 0043a7a4 f   mfc100ud:mfc100ud.dll
 0002:0001e7aa       ?get_accHelpTopic@CWnd@@UAEJPAPA_WUtagVARIANT@@PAJ@Z 0043a7aa f   mfc100ud:mfc100ud.dll
 0002:0001e7b0       ?get_accKeyboardShortcut@CWnd@@UAEJUtagVARIANT@@PAPA_W@Z 0043a7b0 f   mfc100ud:mfc100ud.dll
 0002:0001e7b6       ?get_accFocus@CWnd@@UAEJPAUtagVARIANT@@@Z 0043a7b6 f   mfc100ud:mfc100ud.dll
 0002:0001e7bc       ?get_accSelection@CWnd@@UAEJPAUtagVARIANT@@@Z 0043a7bc f   mfc100ud:mfc100ud.dll
 0002:0001e7c2       ?get_accDefaultAction@CWnd@@UAEJUtagVARIANT@@PAPA_W@Z 0043a7c2 f   mfc100ud:mfc100ud.dll
 0002:0001e7c8       ?accSelect@CWnd@@UAEJJUtagVARIANT@@@Z 0043a7c8 f   mfc100ud:mfc100ud.dll
 0002:0001e7ce       ?accLocation@CWnd@@UAEJPAJ000UtagVARIANT@@@Z 0043a7ce f   mfc100ud:mfc100ud.dll
 0002:0001e7d4       ?accNavigate@CWnd@@UAEJJUtagVARIANT@@PAU2@@Z 0043a7d4 f   mfc100ud:mfc100ud.dll
 0002:0001e7da       ?accHitTest@CWnd@@UAEJJJPAUtagVARIANT@@@Z 0043a7da f   mfc100ud:mfc100ud.dll
 0002:0001e7e0       ?accDoDefaultAction@CWnd@@UAEJUtagVARIANT@@@Z 0043a7e0 f   mfc100ud:mfc100ud.dll
 0002:0001e7e6       ?put_accName@CWnd@@UAEJUtagVARIANT@@PA_W@Z 0043a7e6 f   mfc100ud:mfc100ud.dll
 0002:0001e7ec       ?put_accValue@CWnd@@UAEJUtagVARIANT@@PA_W@Z 0043a7ec f   mfc100ud:mfc100ud.dll
 0002:0001e7f2       ?SetProxy@CWnd@@UAEJPAUIAccessibleProxy@@@Z 0043a7f2 f   mfc100ud:mfc100ud.dll
 0002:0001e7f8       ?CreateAccessibleProxy@CWnd@@UAEJIJPAJ@Z 0043a7f8 f   mfc100ud:mfc100ud.dll
 0002:0001e7fe       ?OnCommand@CWnd@@MAEHIJ@Z  0043a7fe f   mfc100ud:mfc100ud.dll
 0002:0001e804       ?OnNotify@CWnd@@MAEHIJPAJ@Z 0043a804 f   mfc100ud:mfc100ud.dll
 0002:0001e80a       ?GetSuperWndProcAddr@CWnd@@MAEPAP6GJPAUHWND__@@IIJ@ZXZ 0043a80a f   mfc100ud:mfc100ud.dll
 0002:0001e810       ?BeginModalState@CWnd@@UAEXXZ 0043a810 f   mfc100ud:mfc100ud.dll
 0002:0001e816       ?EndModalState@CWnd@@UAEXXZ 0043a816 f   mfc100ud:mfc100ud.dll
 0002:0001e81c       ?PreTranslateMessage@CDialog@@UAEHPAUtagMSG@@@Z 0043a81c f   mfc100ud:mfc100ud.dll
 0002:0001e822       ?OnAmbientProperty@CWnd@@UAEHPAVCOleControlSite@@JPAUtagVARIANT@@@Z 0043a822 f   mfc100ud:mfc100ud.dll
 0002:0001e828       ?WindowProc@CWnd@@MAEJIIJ@Z 0043a828 f   mfc100ud:mfc100ud.dll
 0002:0001e82e       ?OnWndMsg@CWnd@@MAEHIIJPAJ@Z 0043a82e f   mfc100ud:mfc100ud.dll
 0002:0001e834       ?DefWindowProcW@CWnd@@MAEJIIJ@Z 0043a834 f   mfc100ud:mfc100ud.dll
 0002:0001e83a       ?PostNcDestroy@CWnd@@MAEXXZ 0043a83a f   mfc100ud:mfc100ud.dll
 0002:0001e840       ?OnChildNotify@CWnd@@MAEHIIJPAJ@Z 0043a840 f   mfc100ud:mfc100ud.dll
 0002:0001e846       ?OnTouchInputs@CWnd@@MAEHIPAUtagTOUCHINPUT@@@Z 0043a846 f   mfc100ud:mfc100ud.dll
 0002:0001e84c       ?OnTouchInput@CWnd@@MAEHVCPoint@@HHPAUtagTOUCHINPUT@@@Z 0043a84c f   mfc100ud:mfc100ud.dll
 0002:0001e852       ?GetGestureStatus@CWnd@@MAEKVCPoint@@@Z 0043a852 f   mfc100ud:mfc100ud.dll
 0002:0001e858       ?OnGestureZoom@CWnd@@MAEHVCPoint@@J@Z 0043a858 f   mfc100ud:mfc100ud.dll
 0002:0001e85e       ?OnGesturePan@CWnd@@MAEHVCPoint@@0@Z 0043a85e f   mfc100ud:mfc100ud.dll
 0002:0001e864       ?OnGestureRotate@CWnd@@MAEHVCPoint@@N@Z 0043a864 f   mfc100ud:mfc100ud.dll
 0002:0001e86a       ?OnGestureTwoFingerTap@CWnd@@MAEHVCPoint@@@Z 0043a86a f   mfc100ud:mfc100ud.dll
 0002:0001e870       ?OnGesturePressAndTap@CWnd@@MAEHVCPoint@@J@Z 0043a870 f   mfc100ud:mfc100ud.dll
 0002:0001e876       ?CheckAutoCenter@CDialog@@UAEHXZ 0043a876 f   mfc100ud:mfc100ud.dll
 0002:0001e87c       ?IsFrameWnd@CWnd@@UBEHXZ   0043a87c f   mfc100ud:mfc100ud.dll
 0002:0001e882       ?CreateControlContainer@CWnd@@MAEHPAPAVCOleControlContainer@@@Z 0043a882 f   mfc100ud:mfc100ud.dll
 0002:0001e888       ?CreateControlSite@CWnd@@MAEHPAVCOleControlContainer@@PAPAVCOleControlSite@@IABU_GUID@@@Z 0043a888 f   mfc100ud:mfc100ud.dll
 0002:0001e88e       ?SetOccDialogInfo@CDialog@@MAEHPAU_AFX_OCC_DIALOG_INFO@@@Z 0043a88e f   mfc100ud:mfc100ud.dll
 0002:0001e894       ?GetOccDialogInfo@CDialog@@MAEPAU_AFX_OCC_DIALOG_INFO@@XZ 0043a894 f   mfc100ud:mfc100ud.dll
 0002:0001e89a       ?Create@CDialog@@UAEHIPAVCWnd@@@Z 0043a89a f   mfc100ud:mfc100ud.dll
 0002:0001e8a0       ?Create@CDialog@@UAEHPB_WPAVCWnd@@@Z 0043a8a0 f   mfc100ud:mfc100ud.dll
 0002:0001e8a6       ?CreateIndirect@CDialog@@UAEHPAXPAVCWnd@@@Z 0043a8a6 f   mfc100ud:mfc100ud.dll
 0002:0001e8ac       ?CreateIndirect@CDialog@@UAEHPBUDLGTEMPLATE@@PAVCWnd@@PAX@Z 0043a8ac f   mfc100ud:mfc100ud.dll
 0002:0001e8b2       ?OnInitDialog@CDialog@@UAEHXZ 0043a8b2 f   mfc100ud:mfc100ud.dll
 0002:0001e8b8       ?OnSetFont@CDialog@@UAEXPAVCFont@@@Z 0043a8b8 f   mfc100ud:mfc100ud.dll
 0002:0001e8be       ?OnOK@CDialog@@MAEXXZ      0043a8be f   mfc100ud:mfc100ud.dll
 0002:0001e8c4       ?OnCancel@CDialog@@MAEXXZ  0043a8c4 f   mfc100ud:mfc100ud.dll
 0002:0001e8ca       ?PreInitDialog@CDialog@@MAEXXZ 0043a8ca f   mfc100ud:mfc100ud.dll
 0002:0001e8d0       ?DoDataExchange@CWnd@@MAEXPAVCDataExchange@@@Z 0043a8d0 f   mfc100ud:mfc100ud.dll
 0002:0001e8d6       ?LoadIconW@CWinApp@@QBEPAUHICON__@@I@Z 0043a8d6 f   mfc100ud:mfc100ud.dll
 0002:0001e8dc       ?AfxGetApp@@YGPAVCWinApp@@XZ 0043a8dc f   mfc100ud:mfc100ud.dll
 0002:0001e8e2       ??0CStatic@@QAE@XZ         0043a8e2 f   mfc100ud:mfc100ud.dll
 0002:0001e8e8       ??0CEdit@@QAE@XZ           0043a8e8 f   mfc100ud:mfc100ud.dll
 0002:0001e8ee       ??0CSliderCtrl@@QAE@XZ     0043a8ee f   mfc100ud:mfc100ud.dll
 0002:0001e8f4       ?DDX_Text@@YGXPAVCDataExchange@@HAAI@Z 0043a8f4 f   mfc100ud:mfc100ud.dll
 0002:0001e8fa       ?DDV_MinMaxUInt@@YGXPAVCDataExchange@@III@Z 0043a8fa f   mfc100ud:mfc100ud.dll
 0002:0001e900       ?DDX_Text@@YGXPAVCDataExchange@@HAAK@Z 0043a900 f   mfc100ud:mfc100ud.dll
 0002:0001e906       ?DDX_Check@@YGXPAVCDataExchange@@HAAH@Z 0043a906 f   mfc100ud:mfc100ud.dll
 0002:0001e90c       ?DDX_Control@@YGXPAVCDataExchange@@HAAVCWnd@@@Z 0043a90c f   mfc100ud:mfc100ud.dll
 0002:0001e912       ?DDX_Text@@YGXPAVCDataExchange@@HAAV?$CStringT@_WV?$StrTraitMFC_DLL@_WV?$ChTraitsCRT@_W@ATL@@@@@ATL@@@Z 0043a912 f   mfc100ud:mfc100ud.dll
 0002:0001e918       ?DDX_Radio@@YGXPAVCDataExchange@@HAAH@Z 0043a918 f   mfc100ud:mfc100ud.dll
 0002:0001e91e       ??1CFileFind@@UAE@XZ       0043a91e f   mfc100ud:mfc100ud.dll
 0002:0001e924       ?EnableWindow@CWnd@@QAEHH@Z 0043a924 f   mfc100ud:mfc100ud.dll
 0002:0001e92a       ?SetDlgItemTextW@CWnd@@QAEXHPB_W@Z 0043a92a f   mfc100ud:mfc100ud.dll
 0002:0001e930       ?GetDlgItem@CWnd@@QBEPAV1@H@Z 0043a930 f   mfc100ud:mfc100ud.dll
 0002:0001e936       ?GetWindowRect@CWnd@@QBEXPAUtagRECT@@@Z 0043a936 f   mfc100ud:mfc100ud.dll
 0002:0001e93c       ??1CStdioFile@@UAE@XZ      0043a93c f   mfc100ud:mfc100ud.dll
 0002:0001e942       ?Close@CStdioFile@@UAEXXZ  0043a942 f   mfc100ud:mfc100ud.dll
 0002:0001e948       ??4?$CStringT@_WV?$StrTraitMFC_DLL@_WV?$ChTraitsCRT@_W@ATL@@@@@ATL@@QAEAAV01@PB_W@Z 0043a948 f   mfc100ud:mfc100ud.dll
 0002:0001e94e       ??0?$CStringT@_WV?$StrTraitMFC_DLL@_WV?$ChTraitsCRT@_W@ATL@@@@@ATL@@QAE@ABV01@@Z 0043a94e f   mfc100ud:mfc100ud.dll
 0002:0001e954       ?GetPosition@CStdioFile@@UBE_KXZ 0043a954 f   mfc100ud:mfc100ud.dll
 0002:0001e95a       ?ReadString@CStdioFile@@UAEHAAV?$CStringT@_WV?$StrTraitMFC_DLL@_WV?$ChTraitsCRT@_W@ATL@@@@@ATL@@@Z 0043a95a f   mfc100ud:mfc100ud.dll
 0002:0001e960       ?GetLength@CStdioFile@@UBE_KXZ 0043a960 f   mfc100ud:mfc100ud.dll
 0002:0001e966       ?Open@CStdioFile@@UAEHPB_WIPAVCFileException@@@Z 0043a966 f   mfc100ud:mfc100ud.dll
 0002:0001e96c       ??0CStdioFile@@QAE@XZ      0043a96c f   mfc100ud:mfc100ud.dll
 0002:0001e972       ?FindFile@CFileFind@@UAEHPB_WK@Z 0043a972 f   mfc100ud:mfc100ud.dll
 0002:0001e978       ??0CFileFind@@QAE@XZ       0043a978 f   mfc100ud:mfc100ud.dll
 0002:0001e97e       ??Y?$CStringT@_WV?$StrTraitMFC_DLL@_WV?$ChTraitsCRT@_W@ATL@@@@@ATL@@QAEAAV01@PB_W@Z 0043a97e f   mfc100ud:mfc100ud.dll
 0002:0001e984       ??4?$CStringT@_WV?$StrTraitMFC_DLL@_WV?$ChTraitsCRT@_W@ATL@@@@@ATL@@QAEAAV01@ABV01@@Z 0043a984 f   mfc100ud:mfc100ud.dll
 0002:0001e98a       ?Left@?$CStringT@_WV?$StrTraitMFC_DLL@_WV?$ChTraitsCRT@_W@ATL@@@@@ATL@@QBE?AV12@H@Z 0043a98a f   mfc100ud:mfc100ud.dll
 0002:0001e990       ?ReverseFind@?$CStringT@_WV?$StrTraitMFC_DLL@_WV?$ChTraitsCRT@_W@ATL@@@@@ATL@@QBEH_W@Z 0043a990 f   mfc100ud:mfc100ud.dll
 0002:0001e996       ?ReleaseBuffer@?$CSimpleStringT@_W$00@ATL@@QAEXH@Z 0043a996 f   mfc100ud:mfc100ud.dll
 0002:0001e99c       ?GetBufferSetLength@?$CSimpleStringT@_W$00@ATL@@QAEPA_WH@Z 0043a99c f   mfc100ud:mfc100ud.dll
 0002:0001e9a2       ?SetTimer@CWnd@@QAEIIIP6GXPAUHWND__@@IIK@Z@Z 0043a9a2 f   mfc100ud:mfc100ud.dll
 0002:0001e9a8       ?SetPos@CSliderCtrl@@QAEXH@Z 0043a9a8 f   mfc100ud:mfc100ud.dll
 0002:0001e9ae       ?SetRangeMin@CSliderCtrl@@QAEXHH@Z 0043a9ae f   mfc100ud:mfc100ud.dll
 0002:0001e9b4       ?SetRangeMax@CSliderCtrl@@QAEXHH@Z 0043a9b4 f   mfc100ud:mfc100ud.dll
 0002:0001e9ba       ?SetIcon@CWnd@@QAEPAUHICON__@@PAU2@H@Z 0043a9ba f   mfc100ud:mfc100ud.dll
 0002:0001e9c0       ??B?$CSimpleStringT@_W$00@ATL@@QBEPB_WXZ 0043a9c0 f   mfc100ud:mfc100ud.dll
 0002:0001e9c6       ?AppendMenuW@CMenu@@QAEHIIPB_W@Z 0043a9c6 f   mfc100ud:mfc100ud.dll
 0002:0001e9cc       ?IsEmpty@?$CSimpleStringT@_W$00@ATL@@QBE_NXZ 0043a9cc f   mfc100ud:mfc100ud.dll
 0002:0001e9d2       ?LoadStringW@?$CStringT@_WV?$StrTraitMFC_DLL@_WV?$ChTraitsCRT@_W@ATL@@@@@ATL@@QAEHI@Z 0043a9d2 f   mfc100ud:mfc100ud.dll
 0002:0001e9d8       ??0?$CStringT@_WV?$StrTraitMFC_DLL@_WV?$ChTraitsCRT@_W@ATL@@@@@ATL@@QAE@XZ 0043a9d8 f   mfc100ud:mfc100ud.dll
 0002:0001e9de       ?GetSystemMenu@CWnd@@QBEPAVCMenu@@H@Z 0043a9de f   mfc100ud:mfc100ud.dll
 0002:0001e9e4       ?OnSysCommand@CWnd@@IAEXIJ@Z 0043a9e4 f   mfc100ud:mfc100ud.dll
 0002:0001e9ea       ?OnPaint@CDialog@@IAEXXZ   0043a9ea f   mfc100ud:mfc100ud.dll
 0002:0001e9f0       ??1CPaintDC@@UAE@XZ        0043a9f0 f   mfc100ud:mfc100ud.dll
 0002:0001e9f6       ?DrawIcon@CDC@@QAEHHHPAUHICON__@@@Z 0043a9f6 f   mfc100ud:mfc100ud.dll
 0002:0001e9fc       ?GetClientRect@CWnd@@QBEXPAUtagRECT@@@Z 0043a9fc f   mfc100ud:mfc100ud.dll
 0002:0001ea02       ?SendMessageW@CWnd@@QBEJIIJ@Z 0043aa02 f   mfc100ud:mfc100ud.dll
 0002:0001ea08       ?GetSafeHdc@CDC@@QBEPAUHDC__@@XZ 0043aa08 f   mfc100ud:mfc100ud.dll
 0002:0001ea0e       ??0CPaintDC@@QAE@PAVCWnd@@@Z 0043aa0e f   mfc100ud:mfc100ud.dll
 0002:0001ea14       ?IsIconic@CWnd@@QBEHXZ     0043aa14 f   mfc100ud:mfc100ud.dll
 0002:0001ea1a       ?UpdateData@CWnd@@QAEHH@Z  0043aa1a f   mfc100ud:mfc100ud.dll
 0002:0001ea20       ?GetFocus@CWnd@@SGPAV1@XZ  0043aa20 f   mfc100ud:mfc100ud.dll
 0002:0001ea26       ?Right@?$CStringT@_WV?$StrTraitMFC_DLL@_WV?$ChTraitsCRT@_W@ATL@@@@@ATL@@QBE?AV12@H@Z 0043aa26 f   mfc100ud:mfc100ud.dll
 0002:0001ea2c       ?GetLength@?$CSimpleStringT@_W$00@ATL@@QBEHXZ 0043aa2c f   mfc100ud:mfc100ud.dll
 0002:0001ea32       ?Find@?$CStringT@_WV?$StrTraitMFC_DLL@_WV?$ChTraitsCRT@_W@ATL@@@@@ATL@@QBEHPB_WH@Z 0043aa32 f   mfc100ud:mfc100ud.dll
 0002:0001ea38       ?GetAt@?$CSimpleStringT@_W$00@ATL@@QBE_WH@Z 0043aa38 f   mfc100ud:mfc100ud.dll
 0002:0001ea3e       ??Y?$CStringT@_WV?$StrTraitMFC_DLL@_WV?$ChTraitsCRT@_W@ATL@@@@@ATL@@QAEAAV01@PBD@Z 0043aa3e f   mfc100ud:mfc100ud.dll
 0002:0001ea44       ?Replace@?$CStringT@_WV?$StrTraitMFC_DLL@_WV?$ChTraitsCRT@_W@ATL@@@@@ATL@@QAEHPB_W0@Z 0043aa44 f   mfc100ud:mfc100ud.dll
 0002:0001ea4a       ?GetSize@CStringArray@@QBEHXZ 0043aa4a f   mfc100ud:mfc100ud.dll
 0002:0001ea50       ?Add@CStringArray@@QAEHABV?$CStringT@_WV?$StrTraitMFC_DLL@_WV?$ChTraitsCRT@_W@ATL@@@@@ATL@@@Z 0043aa50 f   mfc100ud:mfc100ud.dll
 0002:0001ea56       ?Find@?$CStringT@_WV?$StrTraitMFC_DLL@_WV?$ChTraitsCRT@_W@ATL@@@@@ATL@@QBEH_WH@Z 0043aa56 f   mfc100ud:mfc100ud.dll
 0002:0001ea5c       ?RemoveAll@CStringArray@@QAEXXZ 0043aa5c f   mfc100ud:mfc100ud.dll
 0002:0001ea62       ?GetCount@CStringArray@@QBEHXZ 0043aa62 f   mfc100ud:mfc100ud.dll
 0002:0001ea68       ??ACStringArray@@QAEAAV?$CStringT@_WV?$StrTraitMFC_DLL@_WV?$ChTraitsCRT@_W@ATL@@@@@ATL@@H@Z 0043aa68 f   mfc100ud:mfc100ud.dll
 0002:0001ea6e       ??1CStringArray@@UAE@XZ    0043aa6e f   mfc100ud:mfc100ud.dll
 0002:0001ea74       ??0CStringArray@@QAE@XZ    0043aa74 f   mfc100ud:mfc100ud.dll
 0002:0001ea7a       ?Mid@?$CStringT@_WV?$StrTraitMFC_DLL@_WV?$ChTraitsCRT@_W@ATL@@@@@ATL@@QBE?AV12@HH@Z 0043aa7a f   mfc100ud:mfc100ud.dll
 0002:0001ea80       ??1CFile@@UAE@XZ           0043aa80 f   mfc100ud:mfc100ud.dll
 0002:0001ea86       ?Close@CFile@@UAEXXZ       0043aa86 f   mfc100ud:mfc100ud.dll
 0002:0001ea8c       ?Write@CFile@@UAEXPBXI@Z   0043aa8c f   mfc100ud:mfc100ud.dll
 0002:0001ea92       ?SeekToEnd@CFile@@QAE_KXZ  0043aa92 f   mfc100ud:mfc100ud.dll
 0002:0001ea98       ?Open@CFile@@UAEHPB_WIPAVCFileException@@@Z 0043aa98 f   mfc100ud:mfc100ud.dll
 0002:0001ea9e       ??0CFile@@QAE@XZ           0043aa9e f   mfc100ud:mfc100ud.dll
 0002:0001eaa4       ?GetWindowTextW@CWnd@@QBEXAAV?$CStringT@_WV?$StrTraitMFC_DLL@_WV?$ChTraitsCRT@_W@ATL@@@@@ATL@@@Z 0043aaa4 f   mfc100ud:mfc100ud.dll
 0002:0001eaaa       ?IsDlgButtonChecked@CWnd@@QBEIH@Z 0043aaaa f   mfc100ud:mfc100ud.dll
 0002:0001eab0       ?GetPos@CSliderCtrl@@QBEHXZ 0043aab0 f   mfc100ud:mfc100ud.dll
 0002:0001eab6       ?ReplaceSel@CEdit@@QAEXPB_WH@Z 0043aab6 f   mfc100ud:mfc100ud.dll
 0002:0001eabc       ?SetSel@CEdit@@QAEXHHH@Z   0043aabc f   mfc100ud:mfc100ud.dll
 0002:0001eac2       ?GetLineCount@CEdit@@QBEHXZ 0043aac2 f   mfc100ud:mfc100ud.dll
 0002:0001eac8       ?WriteString@CStdioFile@@UAEXPB_W@Z 0043aac8 f   mfc100ud:mfc100ud.dll
 0002:0001eace       ?Write@CStdioFile@@UAEXPBXI@Z 0043aace f   mfc100ud:mfc100ud.dll
 0002:0001ead4       ?Close@CFileFind@@QAEXXZ   0043aad4 f   mfc100ud:mfc100ud.dll
 0002:0001eada       ?DeleteObject@CGdiObject@@QAEHXZ 0043aada f   mfc100ud:mfc100ud.dll
 0002:0001eae0       ?TextOutW@CDC@@QAEHHHABV?$CStringT@_WV?$StrTraitMFC_DLL@_WV?$ChTraitsCRT@_W@ATL@@@@@ATL@@@Z 0043aae0 f   mfc100ud:mfc100ud.dll
 0002:0001eae6       ?FillSolidRect@CDC@@QAEXPBUtagRECT@@K@Z 0043aae6 f   mfc100ud:mfc100ud.dll
 0002:0001eaec       ?SetBkMode@CDC@@QAEHH@Z    0043aaec f   mfc100ud:mfc100ud.dll
 0002:0001eaf2       ??1CFont@@UAE@XZ           0043aaf2 f   mfc100ud:mfc100ud.dll
 0002:0001eaf8       ??1CClientDC@@UAE@XZ       0043aaf8 f   mfc100ud:mfc100ud.dll
 0002:0001eafe       ?ReleaseDC@CWnd@@QAEHPAVCDC@@@Z 0043aafe f   mfc100ud:mfc100ud.dll
 0002:0001eb04       ?CreateFontW@CFont@@QAEHHHHHHEEEEEEEEPB_W@Z 0043ab04 f   mfc100ud:mfc100ud.dll
 0002:0001eb0a       ?GetDC@CWnd@@QAEPAVCDC@@XZ 0043ab0a f   mfc100ud:mfc100ud.dll
 0002:0001eb10       ??0CClientDC@@QAE@PAVCWnd@@@Z 0043ab10 f   mfc100ud:mfc100ud.dll
 0002:0001eb16       ??0CFont@@QAE@XZ           0043ab16 f   mfc100ud:mfc100ud.dll
 0002:0001eb1c       ?AfxThrowOleException@@YGXJ@Z 0043ab1c f   mfc100ud:mfc100ud.dll
 0002:0001eb22       ?AfxThrowMemoryException@@YGXXZ 0043ab22 f   mfc100ud:mfc100ud.dll
 0002:0001eb28       ?OnTimer@CWnd@@IAEXI@Z     0043ab28 f   mfc100ud:mfc100ud.dll
 0002:0001eb2e       ?KillTimer@CWnd@@QAEHI@Z   0043ab2e f   mfc100ud:mfc100ud.dll
 0002:0001eb34       ?MessageBoxW@CWnd@@QAEHPB_W0I@Z 0043ab34 f   mfc100ud:mfc100ud.dll
 0002:0001eb3a       ?AppendChar@?$CSimpleStringT@_W$00@ATL@@QAEX_W@Z 0043ab3a f   mfc100ud:mfc100ud.dll
 0002:0001eb40       ??A?$CSimpleStringT@_W$00@ATL@@QBE_WH@Z 0043ab40 f   mfc100ud:mfc100ud.dll
 0002:0001eb46       ?SetWindowTextW@CWnd@@QAEXPB_W@Z 0043ab46 f   mfc100ud:mfc100ud.dll
 0002:0001eb4c       ?Concatenate@?$CSimpleStringT@_W$00@ATL@@KAXAAV12@PB_WH1H@Z 0043ab4c f   mfc100ud:mfc100ud.dll
 0002:0001eb52       ??0?$CStringT@_WV?$StrTraitMFC_DLL@_WV?$ChTraitsCRT@_W@ATL@@@@@ATL@@QAE@PAUIAtlStringMgr@1@@Z 0043ab52 f   mfc100ud:mfc100ud.dll
 0002:0001eb58       ?GetManager@?$CStringT@_WV?$StrTraitMFC_DLL@_WV?$ChTraitsCRT@_W@ATL@@@@@ATL@@QBEPAUIAtlStringMgr@2@XZ 0043ab58 f   mfc100ud:mfc100ud.dll
 0002:0001eb5e       ?StringLength@?$CSimpleStringT@_W$00@ATL@@SAHPB_W@Z 0043ab5e f   mfc100ud:mfc100ud.dll
 0002:0001eb64       ?Compare@?$CStringT@_WV?$StrTraitMFC_DLL@_WV?$ChTraitsCRT@_W@ATL@@@@@ATL@@QBEHPB_W@Z 0043ab64 f   mfc100ud:mfc100ud.dll
 0002:0001eb6a       ?AfxIsValidString@@YGHPB_WH@Z 0043ab6a f   mfc100ud:mfc100ud.dll
 0002:0001eb70       ?GetBuffer@?$CSimpleStringT@_W$00@ATL@@QAEPA_WH@Z 0043ab70 f   mfc100ud:mfc100ud.dll
 0002:0001eb76       ??0CException@@QAE@XZ      0043ab76 f   mfc100ud:mfc100ud.dll
 0002:0001eb7c       ?AssertValid@CObject@@UBEXXZ 0043ab7c f   mfc100ud:mfc100ud.dll
 0002:0001eb82       ?GetErrorMessage@CException@@UBEHPA_WIPAI@Z 0043ab82 f   mfc100ud:mfc100ud.dll
 0002:0001eb88       ?ReportError@CException@@UAEHII@Z 0043ab88 f   mfc100ud:mfc100ud.dll
 0002:0001eb8e       ??3CException@@SGXPAX@Z    0043ab8e f   mfc100ud:mfc100ud.dll
 0002:0001eb94       ??1CException@@UAE@XZ      0043ab94 f   mfc100ud:mfc100ud.dll
 0002:0001eb9a       ?GetThisClass@CException@@SGPAUCRuntimeClass@@XZ 0043ab9a f   mfc100ud:mfc100ud.dll
 0002:0001eba0       ??6CDumpContext@@QAEAAV0@K@Z 0043aba0 f   mfc100ud:mfc100ud.dll
 0002:0001eba6       ??6CDumpContext@@QAEAAV0@PBD@Z 0043aba6 f   mfc100ud:mfc100ud.dll
 0002:0001ebac       ?Dump@CObject@@UBEXAAVCDumpContext@@@Z 0043abac f   mfc100ud:mfc100ud.dll
 0002:0001ebb2       ??0CObject@@IAE@XZ         0043abb2 f   mfc100ud:mfc100ud.dll
 0002:0001ebb8       ??1CObject@@UAE@XZ         0043abb8 f   mfc100ud:mfc100ud.dll
 0002:0001ebbe       ?GetThisClass@CObject@@SGPAUCRuntimeClass@@XZ 0043abbe f   mfc100ud:mfc100ud.dll
 0002:0001ebc4       ??6CDumpContext@@QAEAAV0@H@Z 0043abc4 f   mfc100ud:mfc100ud.dll
 0002:0001ebca       ??6CDumpContext@@QAEAAV0@PBX@Z 0043abca f   mfc100ud:mfc100ud.dll
 0002:0001ebd0       ??6CDumpContext@@QAEAAV0@PB_W@Z 0043abd0 f   mfc100ud:mfc100ud.dll
 0002:0001ebd6       ?IsKindOf@CObject@@QBEHPBUCRuntimeClass@@@Z 0043abd6 f   mfc100ud:mfc100ud.dll
 0002:0001ebdc       ??2@YAPAXIPBDH@Z           0043abdc f   mfc100ud:mfc100ud.dll
 0002:0001ebf0       ??_Estringdispid@CComTypeInfoHolder@ATL@@QAEPAXI@Z 0043abf0 f i mfcs100ud:nolib.obj
 0002:0001ec80       ??1stringdispid@CComTypeInfoHolder@ATL@@QAE@XZ 0043ac80 f i mfcs100ud:nolib.obj
 0002:0001eca0       ??1CComBSTR@ATL@@QAE@XZ    0043aca0 f i mfcs100ud:nolib.obj
 0002:0001ede0       _wWinMainCRTStartup        0043ade0 f   msvcrtd:wcrtexew.obj
 0002:0001f190       _NtCurrentTeb              0043b190 f i msvcrtd:wcrtexew.obj
 0002:0001f22a       _memset                    0043b22a f   msvcrtd:MSVCR100D.dll
 0002:0001f230       __RTC_CheckEsp             0043b230 f   msvcrtd:_stack_.obj
 0002:0001f260       @_RTC_CheckStackVars@8     0043b260 f   msvcrtd:_stack_.obj
 0002:0001f2e0       @_RTC_AllocaHelper@12      0043b2e0 f   msvcrtd:_stack_.obj
 0002:0001f320       @_RTC_CheckStackVars2@12   0043b320 f   msvcrtd:_stack_.obj
 0002:0001f430       __RTC_InitBase             0043b430 f   msvcrtd:_init_.obj
 0002:0001f470       __RTC_Shutdown             0043b470 f   msvcrtd:_init_.obj
 0002:0001f490       ??0type_info@@AAE@ABV0@@Z  0043b490 f   msvcrtd:ti_inst.obj
 0002:0001f4c0       ??_Etype_info@@UAEPAXI@Z   0043b4c0 f i msvcrtd:ti_inst.obj
 0002:0001f550       ??4type_info@@AAEAAV0@ABV0@@Z 0043b550 f   msvcrtd:ti_inst.obj
 0002:0001f566       ___CxxFrameHandler3        0043b566 f   msvcrtd:MSVCR100D.dll
[...]
 0005:00001268       __imp_?DDV_MinMaxUInt@@YGXPAVCDataExchange@@III@Z 00466268     mfc100ud:mfc100ud.dll
 0005:0000126c       __imp_?DDX_Text@@YGXPAVCDataExchange@@HAAI@Z 0046626c     mfc100ud:mfc100ud.dll
 0005:00001270       __imp_??0CSliderCtrl@@QAE@XZ 00466270     mfc100ud:mfc100ud.dll
 0005:00001274       __imp_??0CEdit@@QAE@XZ     00466274     mfc100ud:mfc100ud.dll
 0005:00001278       __imp_??0CStatic@@QAE@XZ   00466278     mfc100ud:mfc100ud.dll
 0005:0000127c       __imp_?AfxGetApp@@YGPAVCWinApp@@XZ 0046627c     mfc100ud:mfc100ud.dll
 0005:00001280       __imp_?LoadIconW@CWinApp@@QBEPAUHICON__@@I@Z 00466280     mfc100ud:mfc100ud.dll
 0005:00001284       __imp_?DoDataExchange@CWnd@@MAEXPAVCDataExchange@@@Z 00466284     mfc100ud:mfc100ud.dll
 0005:00001288       __imp_?PreInitDialog@CDialog@@MAEXXZ 00466288     mfc100ud:mfc100ud.dll
 0005:0000128c       __imp_?OnCancel@CDialog@@MAEXXZ 0046628c     mfc100ud:mfc100ud.dll
 0005:00001290       __imp_?OnOK@CDialog@@MAEXXZ 00466290     mfc100ud:mfc100ud.dll
 0005:00001294       __imp_?OnSetFont@CDialog@@UAEXPAVCFont@@@Z 00466294     mfc100ud:mfc100ud.dll
 0005:00001298       __imp_?OnInitDialog@CDialog@@UAEHXZ 00466298     mfc100ud:mfc100ud.dll
 0005:0000129c       __imp_?CreateIndirect@CDialog@@UAEHPBUDLGTEMPLATE@@PAVCWnd@@PAX@Z 0046629c     mfc100ud:mfc100ud.dll
 0005:000012a0       __imp_?CreateIndirect@CDialog@@UAEHPAXPAVCWnd@@@Z 004662a0     mfc100ud:mfc100ud.dll
 0005:000012a4       __imp_?Create@CDialog@@UAEHPB_WPAVCWnd@@@Z 004662a4     mfc100ud:mfc100ud.dll
 0005:000012a8       __imp_?Create@CDialog@@UAEHIPAVCWnd@@@Z 004662a8     mfc100ud:mfc100ud.dll
 0005:000012ac       __imp_?GetOccDialogInfo@CDialog@@MAEPAU_AFX_OCC_DIALOG_INFO@@XZ 004662ac     mfc100ud:mfc100ud.dll
 0005:000012b0       __imp_?SetOccDialogInfo@CDialog@@MAEHPAU_AFX_OCC_DIALOG_INFO@@@Z 004662b0     mfc100ud:mfc100ud.dll
 0005:000012b4       __imp_?CreateControlSite@CWnd@@MAEHPAVCOleControlContainer@@PAPAVCOleControlSite@@IABU_GUID@@@Z 004662b4     mfc100ud:mfc100ud.dll
 0005:000012b8       __imp_?CreateControlContainer@CWnd@@MAEHPAPAVCOleControlContainer@@@Z 004662b8     mfc100ud:mfc100ud.dll
 0005:000012bc       __imp_?IsFrameWnd@CWnd@@UBEHXZ 004662bc     mfc100ud:mfc100ud.dll
 0005:000012c0       __imp_?CheckAutoCenter@CDialog@@UAEHXZ 004662c0     mfc100ud:mfc100ud.dll
 0005:000012c4       __imp_?OnGesturePressAndTap@CWnd@@MAEHVCPoint@@J@Z 004662c4     mfc100ud:mfc100ud.dll
 0005:000012c8       __imp_?OnGestureTwoFingerTap@CWnd@@MAEHVCPoint@@@Z 004662c8     mfc100ud:mfc100ud.dll
 0005:000012cc       __imp_?OnGestureRotate@CWnd@@MAEHVCPoint@@N@Z 004662cc     mfc100ud:mfc100ud.dll
 0005:000012d0       __imp_?OnGesturePan@CWnd@@MAEHVCPoint@@0@Z 004662d0     mfc100ud:mfc100ud.dll
 0005:000012d4       __imp_?OnGestureZoom@CWnd@@MAEHVCPoint@@J@Z 004662d4     mfc100ud:mfc100ud.dll
 0005:000012d8       __imp_?GetGestureStatus@CWnd@@MAEKVCPoint@@@Z 004662d8     mfc100ud:mfc100ud.dll
 0005:000012dc       __imp_?OnTouchInput@CWnd@@MAEHVCPoint@@HHPAUtagTOUCHINPUT@@@Z 004662dc     mfc100ud:mfc100ud.dll
 0005:000012e0       __imp_?OnTouchInputs@CWnd@@MAEHIPAUtagTOUCHINPUT@@@Z 004662e0     mfc100ud:mfc100ud.dll
 0005:000012e4       __imp_?OnChildNotify@CWnd@@MAEHIIJPAJ@Z 004662e4     mfc100ud:mfc100ud.dll
 0005:000012e8       __imp_?PostNcDestroy@CWnd@@MAEXXZ 004662e8     mfc100ud:mfc100ud.dll
 0005:000012ec       __imp_?DefWindowProcW@CWnd@@MAEJIIJ@Z 004662ec     mfc100ud:mfc100ud.dll
 0005:000012f0       __imp_?OnWndMsg@CWnd@@MAEHIIJPAJ@Z 004662f0     mfc100ud:mfc100ud.dll
 0005:000012f4       __imp_?WindowProc@CWnd@@MAEJIIJ@Z 004662f4     mfc100ud:mfc100ud.dll
 0005:000012f8       __imp_?OnAmbientProperty@CWnd@@UAEHPAVCOleControlSite@@JPAUtagVARIANT@@@Z 004662f8     mfc100ud:mfc100ud.dll
 0005:000012fc       __imp_?PreTranslateMessage@CDialog@@UAEHPAUtagMSG@@@Z 004662fc     mfc100ud:mfc100ud.dll
 0005:00001300       __imp_?EndModalState@CWnd@@UAEXXZ 00466300     mfc100ud:mfc100ud.dll
 0005:00001304       __imp_?BeginModalState@CWnd@@UAEXXZ 00466304     mfc100ud:mfc100ud.dll
 0005:00001308       __imp_?GetSuperWndProcAddr@CWnd@@MAEPAP6GJPAUHWND__@@IIJ@ZXZ 00466308     mfc100ud:mfc100ud.dll
 0005:0000130c       __imp_?OnNotify@CWnd@@MAEHIJPAJ@Z 0046630c     mfc100ud:mfc100ud.dll
 0005:00001310       __imp_?OnCommand@CWnd@@MAEHIJ@Z 00466310     mfc100ud:mfc100ud.dll
 0005:00001314       __imp_?CreateAccessibleProxy@CWnd@@UAEJIJPAJ@Z 00466314     mfc100ud:mfc100ud.dll
 0005:00001318       __imp_?SetProxy@CWnd@@UAEJPAUIAccessibleProxy@@@Z 00466318     mfc100ud:mfc100ud.dll
 0005:0000131c       __imp_?put_accValue@CWnd@@UAEJUtagVARIANT@@PA_W@Z 0046631c     mfc100ud:mfc100ud.dll
 0005:00001320       __imp_?put_accName@CWnd@@UAEJUtagVARIANT@@PA_W@Z 00466320     mfc100ud:mfc100ud.dll
 0005:00001324       __imp_?accDoDefaultAction@CWnd@@UAEJUtagVARIANT@@@Z 00466324     mfc100ud:mfc100ud.dll
 0005:00001328       __imp_?accHitTest@CWnd@@UAEJJJPAUtagVARIANT@@@Z 00466328     mfc100ud:mfc100ud.dll
 0005:0000132c       __imp_?accNavigate@CWnd@@UAEJJUtagVARIANT@@PAU2@@Z 0046632c     mfc100ud:mfc100ud.dll
 0005:00001330       __imp_?accLocation@CWnd@@UAEJPAJ000UtagVARIANT@@@Z 00466330     mfc100ud:mfc100ud.dll
 0005:00001334       __imp_?accSelect@CWnd@@UAEJJUtagVARIANT@@@Z 00466334     mfc100ud:mfc100ud.dll
 0005:00001338       __imp_?get_accDefaultAction@CWnd@@UAEJUtagVARIANT@@PAPA_W@Z 00466338     mfc100ud:mfc100ud.dll
 0005:0000133c       __imp_?get_accSelection@CWnd@@UAEJPAUtagVARIANT@@@Z 0046633c     mfc100ud:mfc100ud.dll
 0005:00001340       __imp_?get_accFocus@CWnd@@UAEJPAUtagVARIANT@@@Z 00466340     mfc100ud:mfc100ud.dll
 0005:00001344       __imp_?get_accKeyboardShortcut@CWnd@@UAEJUtagVARIANT@@PAPA_W@Z 00466344     mfc100ud:mfc100ud.dll
 0005:00001348       __imp_?get_accHelpTopic@CWnd@@UAEJPAPA_WUtagVARIANT@@PAJ@Z 00466348     mfc100ud:mfc100ud.dll
 0005:0000134c       __imp_?get_accHelp@CWnd@@UAEJUtagVARIANT@@PAPA_W@Z 0046634c     mfc100ud:mfc100ud.dll
 0005:00001350       __imp_?get_accState@CWnd@@UAEJUtagVARIANT@@PAU2@@Z 00466350     mfc100ud:mfc100ud.dll
 0005:00001354       __imp_?get_accRole@CWnd@@UAEJUtagVARIANT@@PAU2@@Z 00466354     mfc100ud:mfc100ud.dll
 0005:00001358       __imp_?get_accDescription@CWnd@@UAEJUtagVARIANT@@PAPA_W@Z 00466358     mfc100ud:mfc100ud.dll
 0005:0000135c       __imp_?get_accValue@CWnd@@UAEJUtagVARIANT@@PAPA_W@Z 0046635c     mfc100ud:mfc100ud.dll
 0005:00001360       __imp_?get_accName@CWnd@@UAEJUtagVARIANT@@PAPA_W@Z 00466360     mfc100ud:mfc100ud.dll
 0005:00001364       __imp_?get_accChild@CWnd@@UAEJUtagVARIANT@@PAPAUIDispatch@@@Z 00466364     mfc100ud:mfc100ud.dll
 0005:00001368       __imp_?get_accChildCount@CWnd@@UAEJPAJ@Z 00466368     mfc100ud:mfc100ud.dll
 0005:0000136c       __imp_?get_accParent@CWnd@@UAEJPAPAUIDispatch@@@Z 0046636c     mfc100ud:mfc100ud.dll
 0005:00001370       __imp_?EnsureStdObj@CWnd@@UAEJXZ 00466370     mfc100ud:mfc100ud.dll
 0005:00001374       __imp_?OnDrawIconicThumbnailOrLivePreview@CWnd@@UAEXAAVCDC@@VCRect@@VCSize@@HAAH@Z 00466374     mfc100ud:mfc100ud.dll
 0005:00001378       __imp_?EndModalLoop@CWnd@@UAEXH@Z 00466378     mfc100ud:mfc100ud.dll
 0005:0000137c       __imp_?ContinueModal@CWnd@@UAEHXZ 0046637c     mfc100ud:mfc100ud.dll
 0005:00001380       __imp_?WinHelpInternal@CWnd@@UAEXKI@Z 00466380     mfc100ud:mfc100ud.dll
 0005:00001384       __imp_?HtmlHelpW@CWnd@@UAEXKI@Z 00466384     mfc100ud:mfc100ud.dll
 0005:00001388       __imp_?WinHelpW@CWnd@@UAEXKI@Z 00466388     mfc100ud:mfc100ud.dll
 0005:0000138c       __imp_?GetScrollBarCtrl@CWnd@@UBEPAVCScrollBar@@H@Z 0046638c     mfc100ud:mfc100ud.dll
 0005:00001390       __imp_?OnToolHitTest@CWnd@@UBEHVCPoint@@PAUtagTOOLINFOW@@@Z 00466390     mfc100ud:mfc100ud.dll
 0005:00001394       __imp_?SetMenu@CWnd@@UAEHPAVCMenu@@@Z 00466394     mfc100ud:mfc100ud.dll
 0005:00001398       __imp_?GetMenu@CWnd@@UBEPAVCMenu@@XZ 00466398     mfc100ud:mfc100ud.dll
 0005:0000139c       __imp_?CalcWindowRect@CWnd@@UAEXPAUtagRECT@@I@Z 0046639c     mfc100ud:mfc100ud.dll
 0005:000013a0       __imp_?PreCreateWindow@CWnd@@UAEHAAUtagCREATESTRUCTW@@@Z 004663a0     mfc100ud:mfc100ud.dll
 0005:000013a4       __imp_?DestroyWindow@CWnd@@UAEHXZ 004663a4     mfc100ud:mfc100ud.dll
 0005:000013a8       __imp_?CreateEx@CWnd@@UAEHKPB_W0KHHHHPAUHWND__@@PAUHMENU__@@PAX@Z 004663a8     mfc100ud:mfc100ud.dll
 0005:000013ac       __imp_?CreateEx@CWnd@@UAEHKPB_W0KABUtagRECT@@PAV1@IPAX@Z 004663ac     mfc100ud:mfc100ud.dll
 0005:000013b0       __imp_?Create@CWnd@@UAEHPB_W0KABUtagRECT@@PAV1@IPAUCCreateContext@@@Z 004663b0     mfc100ud:mfc100ud.dll
 0005:000013b4       __imp_?PreSubclassWindow@CWnd@@UAEXXZ 004663b4     mfc100ud:mfc100ud.dll
 0005:000013b8       __imp_?GetInterfaceMap@CWnd@@MBEPBUAFX_INTERFACEMAP@@XZ 004663b8     mfc100ud:mfc100ud.dll
 0005:000013bc       __imp_?OnFinalRelease@CWnd@@UAEXXZ 004663bc     mfc100ud:mfc100ud.dll
 0005:000013c0       __imp_?OnCmdMsg@CDialog@@UAEHIHPAXPAUAFX_CMDHANDLERINFO@@@Z 004663c0     mfc100ud:mfc100ud.dll
 0005:000013c4       __imp_?Dump@CDialog@@UBEXAAVCDumpContext@@@Z 004663c4     mfc100ud:mfc100ud.dll
 0005:000013c8       __imp_?AssertValid@CDialog@@UBEXXZ 004663c8     mfc100ud:mfc100ud.dll
 0005:000013cc       __imp_?GetRuntimeClass@CDialog@@UBEPAUCRuntimeClass@@XZ 004663cc     mfc100ud:mfc100ud.dll
 0005:000013d0       __imp_??0CDialog@@QAE@IPAVCWnd@@@Z 004663d0     mfc100ud:mfc100ud.dll
 0005:000013d4       __imp_?GetThisMessageMap@CDialog@@KGPBUAFX_MSGMAP@@XZ 004663d4     mfc100ud:mfc100ud.dll
 0005:000013d8       __imp_?OnActivate@CWnd@@IAEXIPAV1@H@Z 004663d8     mfc100ud:mfc100ud.dll
 0005:000013dc       __imp_??1CStatic@@UAE@XZ   004663dc     mfc100ud:mfc100ud.dll
 0005:000013e0       __imp_??1CEdit@@UAE@XZ     004663e0     mfc100ud:mfc100ud.dll
 0005:000013e4       __imp_??1CSliderCtrl@@UAE@XZ 004663e4     mfc100ud:mfc100ud.dll
 0005:000013e8       __imp_??1CDialog@@UAE@XZ   004663e8     mfc100ud:mfc100ud.dll
 0005:000013ec       __imp_?InitInstance@CWinApp@@UAEHXZ 004663ec     mfc100ud:mfc100ud.dll
 0005:000013f0       __imp_?AfxEnableControlContainer@@YAXPAVCOccManager@@@Z 004663f0     mfc100ud:mfc100ud.dll
 0005:000013f4       __imp_?SetRegistryKey@CWinApp@@IAEXPB_W@Z 004663f4     mfc100ud:mfc100ud.dll
 0005:000013f8       __imp_?DoModal@CDialog@@UAEHXZ 004663f8     mfc100ud:mfc100ud.dll
 0005:000013fc       __imp_??1CWinAppEx@@UAE@XZ 004663fc     mfc100ud:mfc100ud.dll
 0005:00001400       __imp_?ReloadWindowPlacement@CWinAppEx@@MAEHPAVCFrameWnd@@@Z 00466400     mfc100ud:mfc100ud.dll
 0005:00001404       __imp_?StoreWindowPlacement@CWinAppEx@@MAEHABVCRect@@HH@Z 00466404     mfc100ud:mfc100ud.dll
 0005:00001408       __imp_?LoadWindowPlacement@CWinAppEx@@MAEHAAVCRect@@AAH1@Z 00466408     mfc100ud:mfc100ud.dll
 0005:0000140c       __imp_?OnClosingMainFrame@CWinAppEx@@MAEXPAVCFrameImpl@@@Z 0046640c     mfc100ud:mfc100ud.dll
 0005:00001410       __imp_?OnAppContextHelp@CWinAppEx@@UAEXPAVCWnd@@QBK@Z 00466410     mfc100ud:mfc100ud.dll
 0005:00001414       __imp_?ShowPopupMenu@CWinAppEx@@UAEHIABVCPoint@@PAVCWnd@@@Z 00466414     mfc100ud:mfc100ud.dll
 0005:00001418       __imp_?OnViewDoubleClick@CWinAppEx@@UAEHPAVCWnd@@H@Z 00466418     mfc100ud:mfc100ud.dll
 0005:0000141c       __imp_?SaveState@CWinAppEx@@UAEHPB_WPAVCFrameImpl@@@Z 0046641c     mfc100ud:mfc100ud.dll
 0005:00001420       __imp_?CleanState@CWinAppEx@@UAEHPB_W@Z 00466420     mfc100ud:mfc100ud.dll
 0005:00001424       __imp_?LoadState@CWinAppEx@@UAEHPB_WPAVCFrameImpl@@@Z 00466424     mfc100ud:mfc100ud.dll
 0005:00001428       __imp_?LoadSysPolicies@CWinApp@@UAEHXZ 00466428     mfc100ud:mfc100ud.dll
 0005:0000142c       __imp_?LoadAppLangResourceDLL@CWinApp@@UAEPAUHINSTANCE__@@XZ 0046642c     mfc100ud:mfc100ud.dll
 0005:00001430       __imp_?RestartInstance@CWinApp@@UAEHXZ 00466430     mfc100ud:mfc100ud.dll
 0005:00001434       __imp_?AfxMessageBox@@YGHPB_WII@Z 00466434     mfc100ud:mfc100ud.dll
 0005:00001438       __imp_??2CObject@@SGPAXI@Z 00466438     mfc100ud:mfc100ud.dll
 0005:0000143c       __imp_?Delete@CException@@QAEXXZ 0046643c     mfc100ud:mfc100ud.dll
 0005:00001440       __imp_??2@YAPAXI@Z         00466440     mfc100ud:mfc100ud.dll
 0005:00001444       __imp_?IsTaskbarInteractionEnabled@CWinApp@@UAEHXZ 00466444     mfc100ud:mfc100ud.dll
 0005:00001448       __imp_?GetDataRecoveryHandler@CWinApp@@UAEPAVCDataRecoveryHandler@@XZ 00466448     mfc100ud:mfc100ud.dll
 0005:0000144c       __imp_?ApplicationRecoveryCallback@CWinApp@@UAEKPAX@Z 0046644c     mfc100ud:mfc100ud.dll
 0005:00001450       __imp_?RegisterWithRestartManager@CWinApp@@UAEJHABV?$CStringT@_WV?$StrTraitMFC_DLL@_WV?$ChTraitsCRT@_W@ATL@@@@@ATL@@@Z 00466450     mfc100ud:mfc100ud.dll
 0005:00001454       __imp_?RegisterWithRestartManager@CWinApp@@UAEJPB_WKP6GKPAX@Z1KK@Z 00466454     mfc100ud:mfc100ud.dll
 0005:00001458       __imp_?WinHelpInternal@CWinApp@@UAEXKI@Z 00466458     mfc100ud:mfc100ud.dll
 0005:0000145c       __imp_?HtmlHelpW@CWinApp@@UAEXKI@Z 0046645c     mfc100ud:mfc100ud.dll
 0005:00001460       __imp_?WinHelpW@CWinApp@@UAEXKI@Z 00466460     mfc100ud:mfc100ud.dll
 0005:00001464       __imp_?OnDDECommand@CWinApp@@UAEHPA_W@Z 00466464     mfc100ud:mfc100ud.dll
 0005:00001468       __imp_?DoWaitCursor@CWinApp@@UAEXH@Z 00466468     mfc100ud:mfc100ud.dll
 0005:0000146c       __imp_?DoMessageBox@CWinApp@@UAEHPB_WII@Z 0046646c     mfc100ud:mfc100ud.dll
 0005:00001470       __imp_?SaveAllModified@CWinApp@@UAEHXZ 00466470     mfc100ud:mfc100ud.dll
 0005:00001474       __imp_?InitApplication@CWinApp@@UAEHXZ 00466474     mfc100ud:mfc100ud.dll
 0005:00001478       __imp_?AddToRecentFileList@CWinApp@@UAEXPB_W@Z 00466478     mfc100ud:mfc100ud.dll
 0005:0000147c       __imp_?OpenDocumentFile@CWinApp@@UAEPAVCDocument@@PB_W@Z 0046647c     mfc100ud:mfc100ud.dll
 0005:00001480       __imp_?OpenDocumentFile@CWinApp@@UAEPAVCDocument@@PB_WH@Z 00466480     mfc100ud:mfc100ud.dll
 0005:00001484       __imp_?Unregister@CWinApp@@UAEHXZ 00466484     mfc100ud:mfc100ud.dll
 0005:00001488       __imp_?Register@CWinApp@@UAEHXZ 00466488     mfc100ud:mfc100ud.dll
 0005:0000148c       __imp_?InitLibId@CWinApp@@UAEXXZ 0046648c     mfc100ud:mfc100ud.dll
 0005:00001490       __imp_?WriteProfileBinary@CWinApp@@UAEHPB_W0PAEI@Z 00466490     mfc100ud:mfc100ud.dll
 0005:00001494       __imp_?GetProfileBinary@CWinApp@@UAEHPB_W0PAPAEPAI@Z 00466494     mfc100ud:mfc100ud.dll
 0005:00001498       __imp_?WriteProfileStringW@CWinApp@@UAEHPB_W00@Z 00466498     mfc100ud:mfc100ud.dll
 0005:0000149c       __imp_?GetProfileStringW@CWinApp@@UAE?AV?$CStringT@_WV?$StrTraitMFC_DLL@_WV?$ChTraitsCRT@_W@ATL@@@@@ATL@@PB_W00@Z 0046649c     mfc100ud:mfc100ud.dll
 0005:000014a0       __imp_?WriteProfileInt@CWinApp@@UAEHPB_W0H@Z 004664a0     mfc100ud:mfc100ud.dll
 0005:000014a4       __imp_?GetProfileIntW@CWinApp@@UAEIPB_W0H@Z 004664a4     mfc100ud:mfc100ud.dll
 0005:000014a8       __imp_?Delete@CWinThread@@UAEXXZ 004664a8     mfc100ud:mfc100ud.dll
 0005:000014ac       __imp_?GetMainWnd@CWinThread@@UAEPAVCWnd@@XZ 004664ac     mfc100ud:mfc100ud.dll
 0005:000014b0       __imp_?ProcessMessageFilter@CWinThread@@UAEHHPAUtagMSG@@@Z 004664b0     mfc100ud:mfc100ud.dll
 0005:000014b4       __imp_?ProcessWndProcException@CWinApp@@UAEJPAVCException@@PBUtagMSG@@@Z 004664b4     mfc100ud:mfc100ud.dll
 0005:000014b8       __imp_?ExitInstance@CWinAppEx@@UAEHXZ 004664b8     mfc100ud:mfc100ud.dll
 0005:000014bc       __imp_?IsIdleMessage@CWinThread@@UAEHPAUtagMSG@@@Z 004664bc     mfc100ud:mfc100ud.dll
 0005:000014c0       __imp_?OnIdle@CWinApp@@UAEHJ@Z 004664c0     mfc100ud:mfc100ud.dll
 0005:000014c4       __imp_?PumpMessage@CWinThread@@UAEHXZ 004664c4     mfc100ud:mfc100ud.dll
 0005:000014c8       __imp_?PreTranslateMessage@CWinThread@@UAEHPAUtagMSG@@@Z 004664c8     mfc100ud:mfc100ud.dll
 0005:000014cc       __imp_?Run@CWinApp@@UAEHXZ 004664cc     mfc100ud:mfc100ud.dll
 0005:000014d0       __imp_?GetConnectionHook@CCmdTarget@@MAEPAUIConnectionPoint@@ABU_GUID@@@Z 004664d0     mfc100ud:mfc100ud.dll
 0005:000014d4       __imp_?GetExtraConnectionPoints@CCmdTarget@@MAEHPAVCPtrArray@@@Z 004664d4     mfc100ud:mfc100ud.dll
 0005:000014d8       __imp_?GetInterfaceHook@CCmdTarget@@UAEPAUIUnknown@@PBX@Z 004664d8     mfc100ud:mfc100ud.dll
 0005:000014dc       __imp_?OnCreateAggregates@CCmdTarget@@UAEHXZ 004664dc     mfc100ud:mfc100ud.dll
 0005:000014e0       __imp_?GetEventSinkMap@CCmdTarget@@MBEPBUAFX_EVENTSINKMAP@@XZ 004664e0     mfc100ud:mfc100ud.dll
 0005:000014e4       __imp_?GetInterfaceMap@CCmdTarget@@MBEPBUAFX_INTERFACEMAP@@XZ 004664e4     mfc100ud:mfc100ud.dll
 0005:000014e8       __imp_?GetConnectionMap@CCmdTarget@@MBEPBUAFX_CONNECTIONMAP@@XZ 004664e8     mfc100ud:mfc100ud.dll
 0005:000014ec       __imp_?GetDispatchMap@CCmdTarget@@MBEPBUAFX_DISPMAP@@XZ 004664ec     mfc100ud:mfc100ud.dll
 0005:000014f0       __imp_?GetCommandMap@CCmdTarget@@MBEPBUAFX_OLECMDMAP@@XZ 004664f0     mfc100ud:mfc100ud.dll
 0005:000014f4       __imp_?GetTypeLib@CCmdTarget@@UAEJKPAPAUITypeLib@@@Z 004664f4     mfc100ud:mfc100ud.dll
 0005:000014f8       __imp_?GetTypeLibCache@CCmdTarget@@UAEPAVCTypeLibCache@@XZ 004664f8     mfc100ud:mfc100ud.dll
 0005:000014fc       __imp_?GetTypeInfoCount@CCmdTarget@@UAEIXZ 004664fc     mfc100ud:mfc100ud.dll
 0005:00001500       __imp_?GetDispatchIID@CCmdTarget@@UAEHPAU_GUID@@@Z 00466500     mfc100ud:mfc100ud.dll
 0005:00001504       __imp_?IsInvokeAllowed@CCmdTarget@@UAEHJ@Z 00466504     mfc100ud:mfc100ud.dll
 0005:00001508       __imp_?OnFinalRelease@CCmdTarget@@UAEXXZ 00466508     mfc100ud:mfc100ud.dll
 0005:0000150c       __imp_?OnCmdMsg@CCmdTarget@@UAEHIHPAXPAUAFX_CMDHANDLERINFO@@@Z 0046650c     mfc100ud:mfc100ud.dll
 0005:00001510       __imp_?Dump@CWinApp@@UBEXAAVCDumpContext@@@Z 00466510     mfc100ud:mfc100ud.dll
 0005:00001514       __imp_?AssertValid@CWinApp@@UBEXXZ 00466514     mfc100ud:mfc100ud.dll
 0005:00001518       __imp_?Serialize@CObject@@UAEXAAVCArchive@@@Z 00466518     mfc100ud:mfc100ud.dll
 0005:0000151c       __imp_?GetRuntimeClass@CWinAppEx@@UBEPAUCRuntimeClass@@XZ 0046651c     mfc100ud:mfc100ud.dll
 0005:00001520       __imp_??0CWinAppEx@@QAE@H@Z 00466520     mfc100ud:mfc100ud.dll
 0005:00001524       __imp_?OnHelp@CWinApp@@IAEXXZ 00466524     mfc100ud:mfc100ud.dll
 0005:00001528       __imp_?GetThisMessageMap@CWinApp@@KGPBUAFX_MSGMAP@@XZ 00466528     mfc100ud:mfc100ud.dll
 0005:0000152c       __imp_??_U@YAPAXI@Z        0046652c     mfc100ud:mfc100ud.dll
 0005:00001530       __imp_??_V@YAXPAX@Z        00466530     mfc100ud:mfc100ud.dll
 0005:00001534       __imp_??0?$CStringT@_WV?$StrTraitMFC_DLL@_WV?$ChTraitsCRT@_W@ATL@@@@@ATL@@QAE@PB_W@Z 00466534     mfc100ud:mfc100ud.dll
 0005:00001538       __imp_?Format@?$CStringT@_WV?$StrTraitMFC_DLL@_WV?$ChTraitsCRT@_W@ATL@@@@@ATL@@QAAXPB_WZZ 00466538     mfc100ud:mfc100ud.dll
 0005:0000153c       __imp_??Y?$CStringT@_WV?$StrTraitMFC_DLL@_WV?$ChTraitsCRT@_W@ATL@@@@@ATL@@QAEAAV01@ABV?$CSimpleStringT@_W$00@1@@Z 0046653c     mfc100ud:mfc100ud.dll
 0005:00001540       __imp_??0CFile@@QAE@XZ     00466540     mfc100ud:mfc100ud.dll
 0005:00001544       __imp_??1?$CStringT@_WV?$StrTraitMFC_DLL@_WV?$ChTraitsCRT@_W@ATL@@@@@ATL@@QAE@XZ 00466544     mfc100ud:mfc100ud.dll
 0005:00001548       __imp_??3CObject@@SGXPAX@Z 00466548     mfc100ud:mfc100ud.dll
 0005:0000154c       __imp_?SeekToEnd@CFile@@QAE_KXZ 0046654c     mfc100ud:mfc100ud.dll
 0005:00001550       __imp_??3@YAXPAX@Z         00466550     mfc100ud:mfc100ud.dll
 0005:00001554       __imp_?AfxWinMain@@YGHPAUHINSTANCE__@@0PA_WH@Z 00466554     mfc100ud:mfc100ud.dll
 0005:00001558       __imp_?AfxGetModuleState@@YGPAVAFX_MODULE_STATE@@XZ 00466558     mfc100ud:mfc100ud.dll
 0005:0000155c       \177mfc100ud_NULL_THUNK_DATA 0046655c     mfc100ud:mfc100ud.dll

 entry point at        0002:000016a3

